 MyDynLib

 Timestamp is 59f8d560 (Tue Oct 31 15:56:16 2017)

 Preferred load address is 10000000

 Start         Length     Name                   Class
 0001:00000000 00000020H .text$di                CODE
 0001:00000020 000deca0H .text$mn                CODE
 0001:000decc0 00000dd0H .text$x                 CODE
 0001:000dfa90 0000000fH .text$yd                CODE
 0002:00000000 00000354H .idata$5                DATA
 0002:00000354 00000004H .00cfg                  DATA
 0002:00000358 00000004H .CRT$XCA                DATA
 0002:0000035c 00000004H .CRT$XCL                DATA
 0002:00000360 00000004H .CRT$XCZ                DATA
 0002:00000364 00000004H .CRT$XIA                DATA
 0002:00000368 00000004H .CRT$XIZ                DATA
 0002:0000036c 00000004H .CRT$XPA                DATA
 0002:00000370 00000004H .CRT$XPZ                DATA
 0002:00000374 00000004H .CRT$XTA                DATA
 0002:00000378 00000008H .CRT$XTZ                DATA
 0002:0000037c 00000000H .gfids$y                DATA
 0002:00000380 0000c1c0H .rdata                  DATA
 0002:0000c540 000005c0H .rdata$r                DATA
 0002:0000cb00 00000118H .rdata$sxdata           DATA
 0002:0000cc18 0000033cH .rdata$zzzdbg           DATA
 0002:0000cf54 00000004H .rtc$IAA                DATA
 0002:0000cf58 0000000cH .rtc$IMZ                DATA
 0002:0000cf64 00000004H .rtc$IZZ                DATA
 0002:0000cf68 00000004H .rtc$TAA                DATA
 0002:0000cf6c 0000000cH .rtc$TMZ                DATA
 0002:0000cf78 00000008H .rtc$TZZ                DATA
 0002:0000cf80 00000fe0H .xdata$x                DATA
 0002:0000df60 000004f8H .edata                  DATA
 0002:0000e458 00000050H .idata$2                DATA
 0002:0000e4a8 00000014H .idata$3                DATA
 0002:0000e4bc 00000354H .idata$4                DATA
 0002:0000e810 0000174eH .idata$6                DATA
 0003:00000000 0000236cH .data                   DATA
 0003:0000236c 000002ccH .data$r                 DATA
 0003:00002638 000008c8H .bss                    DATA
 0004:00000000 00000060H .rsrc$01                DATA
 0004:00000060 00000180H .rsrc$02                DATA

  Address         Publics by Value              Rva+Base       Lib:Object

 0000:00000000       ___guard_fids_count        00000000     <absolute>
 0000:00000000       ___guard_longjmp_table     00000000     <absolute>
 0000:00000000       ___guard_iat_count         00000000     <absolute>
 0000:00000000       ___hybrid_code_map_count   00000000     <absolute>
 0000:00000000       ___enclave_config          00000000     <absolute>
 0000:00000000       ___guard_iat_table         00000000     <absolute>
 0000:00000000       ___hybrid_code_map         00000000     <absolute>
 0000:00000000       ___hybrid_auxiliary_iat    00000000     <absolute>
 0000:00000000       ___guard_longjmp_count     00000000     <absolute>
 0000:00000000       ___dynamic_value_reloc_table 00000000     <absolute>
 0000:00000000       ___guard_fids_table        00000000     <absolute>
 0000:00000046       ___safe_se_handler_count   00000046     <absolute>
 0000:00000100       ___guard_flags             00000100     <absolute>
 0000:00000000       ___ImageBase               10000000     <linker-defined>
 0001:00000020       ___local_stdio_printf_options 10001020 f i jpeg:jerror.obj
 0001:00000030       __vfprintf_l               10001030 f i jpeg:jerror.obj
 0001:00000060       _fprintf                   10001060 f i jpeg:jerror.obj
 0001:00000090       __vsnprintf_l              10001090 f i jpeg:jerror.obj
 0001:000000c0       __vsprintf_l               100010c0 f i jpeg:jerror.obj
 0001:000000f0       _sprintf                   100010f0 f i jpeg:jerror.obj
 0001:000002b0       _jpeg_std_error            100012b0 f   jpeg:jerror.obj
 0001:00000320       _jpeg_CreateDecompress     10001320 f   jpeg:jdapimin.obj
 0001:00000640       _jpeg_destroy_decompress   10001640 f   jpeg:jdapimin.obj
 0001:00000670       _jpeg_abort_decompress     10001670 f   jpeg:jdapimin.obj
 0001:000008b0       _jpeg_read_header          100018b0 f   jpeg:jdapimin.obj
 0001:00000a10       _jpeg_consume_input        10001a10 f   jpeg:jdapimin.obj
 0001:00000ad0       _jpeg_input_complete       10001ad0 f   jpeg:jdapimin.obj
 0001:00000b10       _jpeg_has_multiple_scans   10001b10 f   jpeg:jdapimin.obj
 0001:00000b50       _jpeg_finish_decompress    10001b50 f   jpeg:jdapimin.obj
 0001:00000d80       _jpeg_stdio_src            10001d80 f   jpeg:jdatasrc.obj
 0001:00000df0       _jpeg_mem_src              10001df0 f   jpeg:jdatasrc.obj
 0001:00000e60       _jpeg_start_decompress     10001e60 f   jpeg:jdapistd.obj
 0001:00001040       _jpeg_read_scanlines       10002040 f   jpeg:jdapistd.obj
 0001:000010e0       _jpeg_read_raw_data        100020e0 f   jpeg:jdapistd.obj
 0001:00001190       _jpeg_start_output         10002190 f   jpeg:jdapistd.obj
 0001:000011f0       _jpeg_finish_output        100021f0 f   jpeg:jdapistd.obj
 0001:00001290       _jpeg_abort                10002290 f   jpeg:jcomapi.obj
 0001:000012d0       _jpeg_destroy              100022d0 f   jpeg:jcomapi.obj
 0001:00001300       _jpeg_alloc_quant_table    10002300 f   jpeg:jcomapi.obj
 0001:00001320       _jpeg_alloc_huff_table     10002320 f   jpeg:jcomapi.obj
 0001:00001340       ___local_stdio_scanf_options 10002340 f i jpeg:jmemmgr.obj
 0001:00001350       __vsscanf_l                10002350 f i jpeg:jmemmgr.obj
 0001:00001370       _sscanf                    10002370 f i jpeg:jmemmgr.obj
 0001:00001f90       _jinit_memory_mgr          10002f90 f   jpeg:jmemmgr.obj
 0001:00004500       _jpeg_resync_to_restart    10005500 f   jpeg:jdmarker.obj
 0001:00004640       _jinit_marker_reader       10005640 f   jpeg:jdmarker.obj
 0001:000046f0       _jpeg_save_markers         100056f0 f   jpeg:jdmarker.obj
 0001:000047c0       _jpeg_set_marker_processor 100057c0 f   jpeg:jdmarker.obj
 0001:00004810       _jpeg_core_output_dimensions 10005810 f   jpeg:jdinput.obj
 0001:00005790       _jinit_input_controller    10006790 f   jpeg:jdinput.obj
 0001:00005890       _jpeg_calc_output_dimensions 10006890 f   jpeg:jdmaster.obj
 0001:00006520       _jpeg_new_colormap         10007520 f   jpeg:jdmaster.obj
 0001:00006590       _jinit_master_decompress   10007590 f   jpeg:jdmaster.obj
 0001:000065d0       _jpeg_get_small            100075d0 f   jpeg:jmemnobs.obj
 0001:000065e0       _jpeg_free_small           100075e0 f   jpeg:jmemnobs.obj
 0001:000065f0       _jpeg_get_large            100075f0 f   jpeg:jmemnobs.obj
 0001:00006600       _jpeg_free_large           10007600 f   jpeg:jmemnobs.obj
 0001:00006610       _jpeg_mem_available        10007610 f   jpeg:jmemnobs.obj
 0001:00006620       _jpeg_open_backing_store   10007620 f   jpeg:jmemnobs.obj
 0001:00006640       _jpeg_mem_init             10007640 f   jpeg:jmemnobs.obj
 0001:00006650       _jpeg_mem_term             10007650 f   jpeg:jmemnobs.obj
 0001:00006660       _jdiv_round_up             10007660 f   jpeg:jutils.obj
 0001:00006670       _jround_up                 10007670 f   jpeg:jutils.obj
 0001:00006690       _jcopy_sample_rows         10007690 f   jpeg:jutils.obj
 0001:000066d0       _jcopy_block_row           100076d0 f   jpeg:jutils.obj
 0001:000074a0       _jinit_1pass_quantizer     100084a0 f   jpeg:jquant1.obj
 0001:00007b70       _jinit_merged_upsampler    10008b70 f   jpeg:jdmerge.obj
 0001:00008060       _jinit_upsampler           10009060 f   jpeg:jdsample.obj
 0001:00009f40       _jinit_huff_decoder        1000af40 f   jpeg:jdhuff.obj
 0001:0000bb10       _jinit_2pass_quantizer     1000cb10 f   jpeg:jquant2.obj
 0001:0000cd40       _jinit_arith_decoder       1000dd40 f   jpeg:jdarith.obj
 0001:0000dee0       _jinit_d_coef_controller   1000eee0 f   jpeg:jdcoefct.obj
 0001:0000ea90       _jinit_color_deconverter   1000fa90 f   jpeg:jdcolor.obj
 0001:0000f790       _jinit_d_main_controller   10010790 f   jpeg:jdmainct.obj
 0001:0000ffa0       _jinit_inverse_dct         10010fa0 f   jpeg:jddctmgr.obj
 0001:000102d0       _jinit_d_post_controller   100112d0 f   jpeg:jdpostct.obj
 0001:00010370       _jpeg_idct_islow           10011370 f   jpeg:jidctint.obj
 0001:00010820       _jpeg_idct_7x7             10011820 f   jpeg:jidctint.obj
 0001:00011c40       _jpeg_idct_6x6             10012c40 f   jpeg:jidctint.obj
 0001:00012760       _jpeg_idct_5x5             10013760 f   jpeg:jidctint.obj
 0001:00012ee0       _jpeg_idct_4x4             10013ee0 f   jpeg:jidctint.obj
 0001:00013330       _jpeg_idct_3x3             10014330 f   jpeg:jidctint.obj
 0001:00013570       _jpeg_idct_2x2             10014570 f   jpeg:jidctint.obj
 0001:00013630       _jpeg_idct_1x1             10014630 f   jpeg:jidctint.obj
 0001:00013680       _jpeg_idct_9x9             10014680 f   jpeg:jidctint.obj
 0001:00013a60       _jpeg_idct_10x10           10014a60 f   jpeg:jidctint.obj
 0001:00013ec0       _jpeg_idct_11x11           10014ec0 f   jpeg:jidctint.obj
 0001:00014410       _jpeg_idct_12x12           10015410 f   jpeg:jidctint.obj
 0001:00014910       _jpeg_idct_13x13           10015910 f   jpeg:jidctint.obj
 0001:00014f10       _jpeg_idct_14x14           10015f10 f   jpeg:jidctint.obj
 0001:00015500       _jpeg_idct_15x15           10016500 f   jpeg:jidctint.obj
 0001:00015b30       _jpeg_idct_16x16           10016b30 f   jpeg:jidctint.obj
 0001:00016240       _jpeg_idct_16x8            10017240 f   jpeg:jidctint.obj
 0001:00016830       _jpeg_idct_14x7            10017830 f   jpeg:jidctint.obj
 0001:000176d0       _jpeg_idct_12x6            100186d0 f   jpeg:jidctint.obj
 0001:000180b0       _jpeg_idct_10x5            100190b0 f   jpeg:jidctint.obj
 0001:00018940       _jpeg_idct_8x4             10019940 f   jpeg:jidctint.obj
 0001:00018f00       _jpeg_idct_6x3             10019f00 f   jpeg:jidctint.obj
 0001:000193e0       _jpeg_idct_4x2             1001a3e0 f   jpeg:jidctint.obj
 0001:000195a0       _jpeg_idct_2x1             1001a5a0 f   jpeg:jidctint.obj
 0001:00019610       _jpeg_idct_8x16            1001a610 f   jpeg:jidctint.obj
 0001:00019b60       _jpeg_idct_7x14            1001ab60 f   jpeg:jidctint.obj
 0001:0001a010       _jpeg_idct_6x12            1001b010 f   jpeg:jidctint.obj
 0001:0001a3d0       _jpeg_idct_5x10            1001b3d0 f   jpeg:jidctint.obj
 0001:0001ae60       _jpeg_idct_4x8             1001be60 f   jpeg:jidctint.obj
 0001:0001b580       _jpeg_idct_3x6             1001c580 f   jpeg:jidctint.obj
 0001:0001ba80       _jpeg_idct_2x4             1001ca80 f   jpeg:jidctint.obj
 0001:0001bc70       _jpeg_idct_1x2             1001cc70 f   jpeg:jidctint.obj
 0001:0001bce0       _jpeg_idct_ifast           1001cce0 f   jpeg:jidctfst.obj
 0001:0001c0f0       _jpeg_idct_float           1001d0f0 f   jpeg:jidctflt.obj
 0001:0001c6a0       _sqlite3_libversion        1001d6a0 f   sqlite3.obj
 0001:0001c6d0       _sqlite3_sourceid          1001d6d0 f   sqlite3.obj
 0001:0001c700       _sqlite3_libversion_number 1001d700 f   sqlite3.obj
 0001:0001c730       _sqlite3_compileoption_used 1001d730 f   sqlite3.obj
 0001:0001c850       _sqlite3_compileoption_get 1001d850 f   sqlite3.obj
 0001:0001c8f0       _sqlite3_threadsafe        1001d8f0 f   sqlite3.obj
 0001:0001c920       _sqlite3_close             1001d920 f   sqlite3.obj
 0001:0001c960       _sqlite3_close_v2          1001d960 f   sqlite3.obj
 0001:0001c9a0       _sqlite3_exec              1001d9a0 f   sqlite3.obj
 0001:0001e550       _sqlite3_db_config         1001f550 f   sqlite3.obj
 0001:0001ef00       _sqlite3_extended_result_codes 1001ff00 f   sqlite3.obj
 0001:0001ef80       _sqlite3_last_insert_rowid 1001ff80 f   sqlite3.obj
 0001:0001efb0       _sqlite3_set_last_insert_rowid 1001ffb0 f   sqlite3.obj
 0001:0001f1b0       _sqlite3_changes           100201b0 f   sqlite3.obj
 0001:0001f1e0       _sqlite3_total_changes     100201e0 f   sqlite3.obj
 0001:0001f210       _sqlite3_interrupt         10020210 f   sqlite3.obj
 0001:0001f250       _sqlite3_complete          10020250 f   sqlite3.obj
 0001:0001f700       _sqlite3_complete16        10020700 f   sqlite3.obj
 0001:0001f7b0       _sqlite3_busy_handler      100207b0 f   sqlite3.obj
 0001:0001f840       _sqlite3_busy_timeout      10020840 f   sqlite3.obj
 0001:0001fb30       _sqlite3_get_table         10020b30 f   sqlite3.obj
 0001:0001fd90       _sqlite3_free_table        10020d90 f   sqlite3.obj
 0001:0001fe80       _sqlite3_mprintf           10020e80 f   sqlite3.obj
 0001:0001fef0       _sqlite3_vmprintf          10020ef0 f   sqlite3.obj
 0001:000201f0       _sqlite3_snprintf          100211f0 f   sqlite3.obj
 0001:000202a0       _sqlite3_vsnprintf         100212a0 f   sqlite3.obj
 0001:00020360       _sqlite3_malloc            10021360 f   sqlite3.obj
 0001:000203d0       _sqlite3_malloc64          100213d0 f   sqlite3.obj
 0001:00020420       _sqlite3_realloc           10021420 f   sqlite3.obj
 0001:00020480       _sqlite3_realloc64         10021480 f   sqlite3.obj
 0001:00020530       _sqlite3_free              10021530 f   sqlite3.obj
 0001:000205e0       _sqlite3_msize             100215e0 f   sqlite3.obj
 0001:00020650       _sqlite3_memory_used       10021650 f   sqlite3.obj
 0001:000206f0       _sqlite3_memory_highwater  100216f0 f   sqlite3.obj
 0001:00020790       _sqlite3_randomness        10021790 f   sqlite3.obj
 0001:00020b70       _sqlite3_set_authorizer    10021b70 f   sqlite3.obj
 0001:00020ce0       _sqlite3_trace             10021ce0 f   sqlite3.obj
 0001:00020d80       _sqlite3_profile           10021d80 f   sqlite3.obj
 0001:00021010       _sqlite3_trace_v2          10022010 f   sqlite3.obj
 0001:000210a0       _sqlite3_progress_handler  100220a0 f   sqlite3.obj
 0001:00021150       _sqlite3_open              10022150 f   sqlite3.obj
 0001:000211a0       _sqlite3_open16            100221a0 f   sqlite3.obj
 0001:000214a0       _sqlite3_open_v2           100224a0 f   sqlite3.obj
 0001:000214f0       _sqlite3_uri_parameter     100224f0 f   sqlite3.obj
 0001:000215b0       _sqlite3_uri_boolean       100225b0 f   sqlite3.obj
 0001:000216f0       _sqlite3_uri_int64         100226f0 f   sqlite3.obj
 0001:000217a0       _sqlite3_errcode           100227a0 f   sqlite3.obj
 0001:00021820       _sqlite3_extended_errcode  10022820 f   sqlite3.obj
 0001:000218a0       _sqlite3_errmsg            100228a0 f   sqlite3.obj
 0001:00021980       _sqlite3_errmsg16          10022980 f   sqlite3.obj
 0001:00021a70       _sqlite3_errstr            10022a70 f   sqlite3.obj
 0001:00021b10       _sqlite3_limit             10022b10 f   sqlite3.obj
 0001:00021bf0       _sqlite3_prepare           10022bf0 f   sqlite3.obj
 0001:00021fd0       _sqlite3_prepare_v2        10022fd0 f   sqlite3.obj
 0001:00022030       _sqlite3_prepare_v3        10023030 f   sqlite3.obj
 0001:000220a0       _sqlite3_prepare16         100230a0 f   sqlite3.obj
 0001:00022100       _sqlite3_prepare16_v2      10023100 f   sqlite3.obj
 0001:00022230       _sqlite3_prepare16_v3      10023230 f   sqlite3.obj
 0001:000222a0       _sqlite3_sql               100232a0 f   sqlite3.obj
 0001:00022300       _sqlite3_expanded_sql      10023300 f   sqlite3.obj
 0001:00022390       _sqlite3_stmt_readonly     10023390 f   sqlite3.obj
 0001:000223f0       _sqlite3_stmt_busy         100233f0 f   sqlite3.obj
 0001:00022590       _sqlite3_bind_blob         10023590 f   sqlite3.obj
 0001:000225e0       _sqlite3_bind_blob64       100235e0 f   sqlite3.obj
 0001:00022660       _sqlite3_bind_double       10023660 f   sqlite3.obj
 0001:00022720       _sqlite3_bind_int          10023720 f   sqlite3.obj
 0001:00022770       _sqlite3_bind_int64        10023770 f   sqlite3.obj
 0001:00022800       _sqlite3_bind_null         10023800 f   sqlite3.obj
 0001:000228a0       _sqlite3_bind_text         100238a0 f   sqlite3.obj
 0001:00022920       _sqlite3_bind_text16       10023920 f   sqlite3.obj
 0001:00022970       _sqlite3_bind_text64       10023970 f   sqlite3.obj
 0001:00022bd0       _sqlite3_bind_value        10023bd0 f   sqlite3.obj
 0001:00022e20       _sqlite3_bind_pointer      10023e20 f   sqlite3.obj
 0001:00022f20       _sqlite3_bind_zeroblob     10023f20 f   sqlite3.obj
 0001:00022fb0       _sqlite3_bind_zeroblob64   10023fb0 f   sqlite3.obj
 0001:00023480       _sqlite3_bind_parameter_count 10024480 f   sqlite3.obj
 0001:000235a0       _sqlite3_bind_parameter_name 100245a0 f   sqlite3.obj
 0001:00023600       _sqlite3_bind_parameter_index 10024600 f   sqlite3.obj
 0001:00023870       _sqlite3_clear_bindings    10024870 f   sqlite3.obj
 0001:00023940       _sqlite3_column_count      10024940 f   sqlite3.obj
 0001:000239a0       _sqlite3_column_name       100249a0 f   sqlite3.obj
 0001:000239f0       _sqlite3_column_name16     100249f0 f   sqlite3.obj
 0001:00023ca0       _sqlite3_column_decltype   10024ca0 f   sqlite3.obj
 0001:00023cf0       _sqlite3_column_decltype16 10024cf0 f   sqlite3.obj
 0001:00023d40       _sqlite3_step              10024d40 f   sqlite3.obj
 0001:00023f90       _sqlite3_data_count        10024f90 f   sqlite3.obj
 0001:00024060       _sqlite3_column_blob       10025060 f   sqlite3.obj
 0001:000240f0       _sqlite3_column_double     100250f0 f   sqlite3.obj
 0001:000241c0       _sqlite3_column_int        100251c0 f   sqlite3.obj
 0001:000242c0       _sqlite3_column_int64      100252c0 f   sqlite3.obj
 0001:00024470       _sqlite3_column_text       10025470 f   sqlite3.obj
 0001:000244d0       _sqlite3_column_text16     100254d0 f   sqlite3.obj
 0001:000245a0       _sqlite3_column_value      100255a0 f   sqlite3.obj
 0001:00024630       _sqlite3_column_bytes      10025630 f   sqlite3.obj
 0001:00024690       _sqlite3_column_bytes16    10025690 f   sqlite3.obj
 0001:00024de0       _sqlite3_column_type       10025de0 f   sqlite3.obj
 0001:00025020       _sqlite3_finalize          10026020 f   sqlite3.obj
 0001:00025110       _sqlite3_reset             10026110 f   sqlite3.obj
 0001:00025340       _sqlite3_create_function   10026340 f   sqlite3.obj
 0001:00025f20       _sqlite3_create_function16 10026f20 f   sqlite3.obj
 0001:00026730       _sqlite3_create_function_v2 10027730 f   sqlite3.obj
 0001:00026850       _sqlite3_aggregate_count   10027850 f   sqlite3.obj
 0001:000268b0       _sqlite3_expired           100278b0 f   sqlite3.obj
 0001:000269d0       _sqlite3_transfer_bindings 100279d0 f   sqlite3.obj
 0001:00026ab0       _sqlite3_thread_cleanup    10027ab0 f   sqlite3.obj
 0001:00026b40       _sqlite3_value_blob        10027b40 f   sqlite3.obj
 0001:00026cb0       _sqlite3_value_double      10027cb0 f   sqlite3.obj
 0001:00026d80       _sqlite3_value_int         10027d80 f   sqlite3.obj
 0001:00026e20       _sqlite3_value_int64       10027e20 f   sqlite3.obj
 0001:00026f90       _sqlite3_value_pointer     10027f90 f   sqlite3.obj
 0001:00027020       _sqlite3_value_text        10028020 f   sqlite3.obj
 0001:000270b0       _sqlite3_value_text16      100280b0 f   sqlite3.obj
 0001:000271e0       _sqlite3_value_text16le    100281e0 f   sqlite3.obj
 0001:00027220       _sqlite3_value_text16be    10028220 f   sqlite3.obj
 0001:00027260       _sqlite3_value_bytes       10028260 f   sqlite3.obj
 0001:00027500       _sqlite3_value_bytes16     10028500 f   sqlite3.obj
 0001:00027570       _sqlite3_value_type        10028570 f   sqlite3.obj
 0001:000275b0       _sqlite3_value_numeric_type 100285b0 f   sqlite3.obj
 0001:00027620       _sqlite3_value_subtype     10028620 f   sqlite3.obj
 0001:00027680       _sqlite3_value_dup         10028680 f   sqlite3.obj
 0001:00027820       _sqlite3_value_free        10028820 f   sqlite3.obj
 0001:000278a0       _sqlite3_aggregate_context 100288a0 f   sqlite3.obj
 0001:00027910       _sqlite3_user_data         10028910 f   sqlite3.obj
 0001:00027bb0       _sqlite3_context_db_handle 10028bb0 f   sqlite3.obj
 0001:00027be0       _sqlite3_get_auxdata       10028be0 f   sqlite3.obj
 0001:00027fa0       _sqlite3_set_auxdata       10028fa0 f   sqlite3.obj
 0001:00028130       _sqlite3_result_blob       10029130 f   sqlite3.obj
 0001:00028180       _sqlite3_result_blob64     10029180 f   sqlite3.obj
 0001:000282d0       _sqlite3_result_double     100292d0 f   sqlite3.obj
 0001:00028350       _sqlite3_result_error      10029350 f   sqlite3.obj
 0001:000283b0       _sqlite3_result_error16    100293b0 f   sqlite3.obj
 0001:00028440       _sqlite3_result_error_toobig 10029440 f   sqlite3.obj
 0001:000284a0       _sqlite3_result_error_nomem 100294a0 f   sqlite3.obj
 0001:00028550       _sqlite3_result_error_code 10029550 f   sqlite3.obj
 0001:00028600       _sqlite3_result_int        10029600 f   sqlite3.obj
 0001:000286a0       _sqlite3_result_int64      100296a0 f   sqlite3.obj
 0001:000286f0       _sqlite3_result_null       100296f0 f   sqlite3.obj
 0001:00028b10       _sqlite3_result_text       10029b10 f   sqlite3.obj
 0001:00028f70       _sqlite3_result_text64     10029f70 f   sqlite3.obj
 0001:00029030       _sqlite3_result_text16     1002a030 f   sqlite3.obj
 0001:00029080       _sqlite3_result_text16le   1002a080 f   sqlite3.obj
 0001:000290d0       _sqlite3_result_text16be   1002a0d0 f   sqlite3.obj
 0001:00029120       _sqlite3_result_value      1002a120 f   sqlite3.obj
 0001:00029170       _sqlite3_result_pointer    1002a170 f   sqlite3.obj
 0001:000291e0       _sqlite3_result_zeroblob   1002a1e0 f   sqlite3.obj
 0001:00029230       _sqlite3_result_zeroblob64 1002a230 f   sqlite3.obj
 0001:000292c0       _sqlite3_result_subtype    1002a2c0 f   sqlite3.obj
 0001:00029310       _sqlite3_create_collation  1002a310 f   sqlite3.obj
 0001:00029490       _sqlite3_create_collation_v2 1002a490 f   sqlite3.obj
 0001:00029520       _sqlite3_create_collation16 1002a520 f   sqlite3.obj
 0001:000295e0       _sqlite3_collation_needed  1002a5e0 f   sqlite3.obj
 0001:000297a0       _sqlite3_collation_needed16 1002a7a0 f   sqlite3.obj
 0001:00029820       _sqlite3_sleep             1002a820 f   sqlite3.obj
 0001:00029890       _sqlite3_get_autocommit    1002a890 f   sqlite3.obj
 0001:00029990       _sqlite3_db_handle         1002a990 f   sqlite3.obj
 0001:000299e0       _sqlite3_db_filename       1002a9e0 f   sqlite3.obj
 0001:00029a50       _sqlite3_db_readonly       1002aa50 f   sqlite3.obj
 0001:00029b60       _sqlite3_next_stmt         1002ab60 f   sqlite3.obj
 0001:00029bd0       _sqlite3_commit_hook       1002abd0 f   sqlite3.obj
 0001:00029ce0       _sqlite3_rollback_hook     1002ace0 f   sqlite3.obj
 0001:00029d60       _sqlite3_update_hook       1002ad60 f   sqlite3.obj
 0001:0002a4a0       _sqlite3_enable_shared_cache 1002b4a0 f   sqlite3.obj
 0001:0002a5e0       _sqlite3_release_memory    1002b5e0 f   sqlite3.obj
 0001:0002a610       _sqlite3_db_release_memory 1002b610 f   sqlite3.obj
 0001:0002a6d0       _sqlite3_soft_heap_limit64 1002b6d0 f   sqlite3.obj
 0001:0002a8a0       _sqlite3_soft_heap_limit   1002b8a0 f   sqlite3.obj
 0001:0002aab0       _sqlite3_table_column_metadata 1002bab0 f   sqlite3.obj
 0001:0002ae60       _sqlite3_load_extension    1002be60 f   sqlite3.obj
 0001:0002af60       _sqlite3_auto_extension    1002bf60 f   sqlite3.obj
 0001:0002b080       _sqlite3_cancel_auto_extension 1002c080 f   sqlite3.obj
 0001:0002b150       _sqlite3_reset_auto_extension 1002c150 f   sqlite3.obj
 0001:0002b850       _sqlite3_create_module     1002c850 f   sqlite3.obj
 0001:0002b8a0       _sqlite3_create_module_v2  1002c8a0 f   sqlite3.obj
 0001:0002b8f0       _sqlite3_declare_vtab      1002c8f0 f   sqlite3.obj
 0001:0002bc00       _sqlite3_overload_function 1002cc00 f   sqlite3.obj
 0001:0002bcb0       _sqlite3_blob_open         1002ccb0 f   sqlite3.obj
 0001:0002c430       _sqlite3_blob_reopen       1002d430 f   sqlite3.obj
 0001:0002c580       _sqlite3_blob_close        1002d580 f   sqlite3.obj
 0001:0002c620       _sqlite3_blob_bytes        1002d620 f   sqlite3.obj
 0001:0002c680       _sqlite3_blob_read         1002d680 f   sqlite3.obj
 0001:0002c6d0       _sqlite3_blob_write        1002d6d0 f   sqlite3.obj
 0001:0002c720       _sqlite3_vfs_find          1002d720 f   sqlite3.obj
 0001:0002c7d0       _sqlite3_vfs_register      1002d7d0 f   sqlite3.obj
 0001:0002c890       _sqlite3_vfs_unregister    1002d890 f   sqlite3.obj
 0001:0002c900       _sqlite3_mutex_alloc       1002d900 f   sqlite3.obj
 0001:0002c970       _sqlite3_mutex_free        1002d970 f   sqlite3.obj
 0001:0002c9c0       _sqlite3_mutex_enter       1002d9c0 f   sqlite3.obj
 0001:0002ca10       _sqlite3_mutex_try         1002da10 f   sqlite3.obj
 0001:0002ca70       _sqlite3_mutex_leave       1002da70 f   sqlite3.obj
 0001:0002cbf0       _sqlite3_db_mutex          1002dbf0 f   sqlite3.obj
 0001:0002cc20       _sqlite3_file_control      1002dc20 f   sqlite3.obj
 0001:0002cd50       _sqlite3_test_control      1002dd50 f   sqlite3.obj
 0001:0002d290       _sqlite3_status            1002e290 f   sqlite3.obj
 0001:0002d3d0       _sqlite3_status64          1002e3d0 f   sqlite3.obj
 0001:0002d500       _sqlite3_db_status         1002e500 f   sqlite3.obj
 0001:0002db60       _sqlite3_stmt_status       1002eb60 f   sqlite3.obj
 0001:0002e0f0       _sqlite3_backup_init       1002f0f0 f   sqlite3.obj
 0001:0002e320       _sqlite3_backup_step       1002f320 f   sqlite3.obj
 0001:0002eb50       _sqlite3_backup_finish     1002fb50 f   sqlite3.obj
 0001:0002ecd0       _sqlite3_backup_remaining  1002fcd0 f   sqlite3.obj
 0001:0002ed00       _sqlite3_backup_pagecount  1002fd00 f   sqlite3.obj
 0001:0002ed90       _sqlite3_stricmp           1002fd90 f   sqlite3.obj
 0001:0002ee10       _sqlite3_strnicmp          1002fe10 f   sqlite3.obj
 0001:0002ef30       _sqlite3_strglob           1002ff30 f   sqlite3.obj
 0001:0002efe0       _sqlite3_strlike           1002ffe0 f   sqlite3.obj
 0001:0002f030       _sqlite3_log               10030030 f   sqlite3.obj
 0001:0002f0e0       _sqlite3_wal_hook          100300e0 f   sqlite3.obj
 0001:0002f160       _sqlite3_wal_autocheckpoint 10030160 f   sqlite3.obj
 0001:0002f1d0       _sqlite3_wal_checkpoint    100301d0 f   sqlite3.obj
 0001:0002f220       _sqlite3_wal_checkpoint_v2 10030220 f   sqlite3.obj
 0001:0002f370       _sqlite3_vtab_config       10030370 f   sqlite3.obj
 0001:0002f460       _sqlite3_vtab_on_conflict  10030460 f   sqlite3.obj
 0001:0002f660       _sqlite3_db_cacheflush     10030660 f   sqlite3.obj
 0001:0002f780       _sqlite3_system_errno      10030780 f   sqlite3.obj
 0001:000ae3e0       _sqlite3_config            100af3e0 f   sqlite3.obj
 0001:000ae840       _sqlite3_enable_load_extension 100af840 f   sqlite3.obj
 0001:000aeaf0       _sqlite3_global_recover    100afaf0 f   sqlite3.obj
 0001:000aeb20       _sqlite3_initialize        100afb20 f   sqlite3.obj
 0001:000aed20       _sqlite3_memory_alarm      100afd20 f   sqlite3.obj
 0001:000aed50       _sqlite3_os_end            100afd50 f   sqlite3.obj
 0001:000aed80       _sqlite3_os_init           100afd80 f   sqlite3.obj
 0001:000aee20       _sqlite3_shutdown          100afe20 f   sqlite3.obj
 0001:000aeed0       _sqlite3_win32_is_nt       100afed0 f   sqlite3.obj
 0001:000aef00       _sqlite3_win32_mbcs_to_utf8 100aff00 f   sqlite3.obj
 0001:000aef70       _sqlite3_win32_mbcs_to_utf8_v2 100aff70 f   sqlite3.obj
 0001:000aefc0       _sqlite3_win32_set_directory 100affc0 f   sqlite3.obj
 0001:000af090       _sqlite3_win32_sleep       100b0090 f   sqlite3.obj
 0001:000af0e0       _sqlite3_win32_unicode_to_utf8 100b00e0 f   sqlite3.obj
 0001:000af130       _sqlite3_win32_utf8_to_mbcs 100b0130 f   sqlite3.obj
 0001:000af1a0       _sqlite3_win32_utf8_to_mbcs_v2 100b01a0 f   sqlite3.obj
 0001:000af1f0       _sqlite3_win32_utf8_to_unicode 100b01f0 f   sqlite3.obj
 0001:000af240       _sqlite3_win32_write_debug 100b0240 f   sqlite3.obj
 0001:000c9950       _DllMain@12                100ca950 f   dllmain.obj
 0001:000c9990       ??$?0$$V@?$_Compressed_pair@V?$allocator@D@std@@V?$_String_val@U?$_Simple_types@D@std@@@2@$00@std@@QAE@U_Zero_then_variadic_args_t@1@@Z 100ca990 f i MyDynLib.obj
 0001:000c99e0       ??$?0$$V@?$_Compressed_pair@V?$allocator@E@std@@V?$_Vector_val@U?$_Simple_types@E@std@@@2@$00@std@@QAE@U_Zero_then_variadic_args_t@1@@Z 100ca9e0 f i MyDynLib.obj
 0001:000c9a30       ??$?0$$V@?$_Compressed_pair@V?$allocator@U?$_Tree_node@U?$pair@$$CB_KPAVIResource@@@std@@PAX@std@@@std@@V?$_Tree_val@U?$_Tree_simple_types@U?$pair@$$CB_KPAVIResource@@@std@@@std@@@2@$00@std@@QAE@U_Zero_then_variadic_args_t@1@@Z 100caa30 f i MyDynLib.obj
 0001:000c9a80       ??$?0AAV?$_Tree_const_iterator@V?$_Tree_val@U?$_Tree_simple_types@U?$pair@$$CB_KPAVIResource@@@std@@@std@@@std@@@std@@AAV01@X$0A@@?$pair@V?$_Tree_const_iterator@V?$_Tree_val@U?$_Tree_simple_types@U?$pair@$$CB_KPAVIResource@@@std@@@std@@@std@@@std@@V12@@std@@QAE@AAV?$_Tree_const_iterator@V?$_Tree_val@U?$_Tree_simple_types@U?$pair@$$CB_KPAVIResource@@@std@@@std@@@std@@@1@0@Z 100caa80 f i MyDynLib.obj
 0001:000c9af0       ??$?0AAV?$_Tree_iterator@V?$_Tree_val@U?$_Tree_simple_types@U?$pair@$$CB_KPAVIResource@@@std@@@std@@@std@@@std@@_NX$0A@@?$pair@V?$_Tree_iterator@V?$_Tree_val@U?$_Tree_simple_types@U?$pair@$$CB_KPAVIResource@@@std@@@std@@@std@@@std@@_N@std@@QAE@AAV?$_Tree_iterator@V?$_Tree_val@U?$_Tree_simple_types@U?$pair@$$CB_KPAVIResource@@@std@@@std@@@std@@@1@$$QA_N@Z 100caaf0 f i MyDynLib.obj
 0001:000c9b60       ??$?0AA_KAAPAVIResource@@X$0A@@?$pair@_KPAVIResource@@@std@@QAE@AA_KAAPAVIResource@@@Z 100cab60 f i MyDynLib.obj
 0001:000c9bd0       ??$?0ABU?$less@_K@std@@U_Zero_then_variadic_args_t@1@@?$_Compressed_pair@U?$less@_K@std@@V?$_Compressed_pair@V?$allocator@U?$_Tree_node@U?$pair@$$CB_KPAVIResource@@@std@@PAX@std@@@std@@V?$_Tree_val@U?$_Tree_simple_types@U?$pair@$$CB_KPAVIResource@@@std@@@std@@@2@$00@2@$00@std@@QAE@U_One_then_variadic_args_t@1@ABU?$less@_K@1@$$QAU_Zero_then_variadic_args_t@1@@Z 100cabd0 f i MyDynLib.obj
 0001:000c9c40       ??$?0ABV?$allocator@D@std@@$$V@?$_Compressed_pair@V?$allocator@D@std@@V?$_String_val@U?$_Simple_types@D@std@@@2@$00@std@@QAE@U_One_then_variadic_args_t@1@ABV?$allocator@D@1@@Z 100cac40 f i MyDynLib.obj
 0001:000c9c90       ??$?0ABV?$allocator@D@std@@X@?$_String_alloc@U?$_String_base_types@DV?$allocator@D@std@@@std@@@std@@QAE@ABV?$allocator@D@1@@Z 100cac90 f i MyDynLib.obj
 0001:000c9d30       ??$?0D@?$allocator@U_Container_proxy@std@@@std@@QAE@ABV?$allocator@D@1@@Z 100cad30 f i MyDynLib.obj
 0001:000c9d60       ??$?0E@?$allocator@U_Container_proxy@std@@@std@@QAE@ABV?$allocator@E@1@@Z 100cad60 f i MyDynLib.obj
 0001:000c9d90       ??$?0PADX@?$basic_string@DU?$char_traits@D@std@@V?$allocator@D@2@@std@@QAE@PAD0ABV?$allocator@D@1@@Z 100cad90 f i MyDynLib.obj
 0001:000c9e60       ??$?0U?$_Tree_node@U?$pair@$$CB_KPAVIResource@@@std@@PAX@std@@@?$allocator@U_Container_proxy@std@@@std@@QAE@ABV?$allocator@U?$_Tree_node@U?$pair@$$CB_KPAVIResource@@@std@@PAX@std@@@1@@Z 100cae60 f i MyDynLib.obj
 0001:000c9e90       ??$?0V?$_Tree_iterator@V?$_Tree_val@U?$_Tree_simple_types@U?$pair@$$CB_KPAVIResource@@@std@@@std@@@std@@@std@@_NX$0A@@?$pair@V?$_Tree_iterator@V?$_Tree_val@U?$_Tree_simple_types@U?$pair@$$CB_KPAVIResource@@@std@@@std@@@std@@@std@@_N@std@@QAE@$$QAV?$_Tree_iterator@V?$_Tree_val@U?$_Tree_simple_types@U?$pair@$$CB_KPAVIResource@@@std@@@std@@@std@@@1@$$QA_N@Z 100cae90 f i MyDynLib.obj
 0001:000c9f00       ??$?0V?$allocator@D@std@@$$V@?$_Compressed_pair@V?$allocator@D@std@@V?$_String_val@U?$_Simple_types@D@std@@@2@$00@std@@QAE@U_One_then_variadic_args_t@1@$$QAV?$allocator@D@1@@Z 100caf00 f i MyDynLib.obj
 0001:000c9f50       ??$?0V?$allocator@D@std@@X@?$_String_alloc@U?$_String_base_types@DV?$allocator@D@std@@@std@@@std@@QAE@$$QAV?$allocator@D@1@@Z 100caf50 f i MyDynLib.obj
 0001:000c9ff0       ??$?0_KPAVIResource@@X$0A@@?$pair@$$CB_KPAVIResource@@@std@@QAE@$$QAU?$pair@_KPAVIResource@@@1@@Z 100caff0 f i MyDynLib.obj
 0001:000ca060       ??$?6U?$char_traits@D@std@@@std@@YAAAV?$basic_ostream@DU?$char_traits@D@std@@@0@AAV10@D@Z 100cb060 f i MyDynLib.obj
 0001:000ca4c0       ??$?6U?$char_traits@D@std@@@std@@YAAAV?$basic_ostream@DU?$char_traits@D@std@@@0@AAV10@PBD@Z 100cb4c0 f i MyDynLib.obj
 0001:000ca960       ??$?8DU?$char_traits@D@std@@V?$allocator@D@1@@std@@YA_NABV?$basic_string@DU?$char_traits@D@std@@V?$allocator@D@2@@0@QBD@Z 100cb960 f i MyDynLib.obj
 0001:000ca9a0       ??$?HDU?$char_traits@D@std@@V?$allocator@D@1@@std@@YA?AV?$basic_string@DU?$char_traits@D@std@@V?$allocator@D@2@@0@$$QAV10@0@Z 100cb9a0 f i MyDynLib.obj
 0001:000caa90       ??$?HDU?$char_traits@D@std@@V?$allocator@D@1@@std@@YA?AV?$basic_string@DU?$char_traits@D@std@@V?$allocator@D@2@@0@$$QAV10@ABV10@@Z 100cba90 f i MyDynLib.obj
 0001:000cab00       ??$?HDU?$char_traits@D@std@@V?$allocator@D@1@@std@@YA?AV?$basic_string@DU?$char_traits@D@std@@V?$allocator@D@2@@0@$$QAV10@QBD@Z 100cbb00 f i MyDynLib.obj
 0001:000cab70       ??$?HDU?$char_traits@D@std@@V?$allocator@D@1@@std@@YA?AV?$basic_string@DU?$char_traits@D@std@@V?$allocator@D@2@@0@QBD$$QAV10@@Z 100cbb70 f i MyDynLib.obj
 0001:000cabe0       ??$_Buynode@U?$pair@_KPAVIResource@@@std@@@?$_Tree_comp_alloc@V?$_Tmap_traits@_KPAVIResource@@U?$less@_K@std@@V?$allocator@U?$pair@$$CB_KPAVIResource@@@std@@@3@$0A@@std@@@std@@QAEPAU?$_Tree_node@U?$pair@$$CB_KPAVIResource@@@std@@PAX@1@$$QAU?$pair@_KPAVIResource@@@1@@Z 100cbbe0 f i MyDynLib.obj
 0001:000cacd0       ??$_Buynode_if_nil@AAU?$pair@$$CB_KPAVIResource@@@std@@@?$_Tree@V?$_Tmap_traits@_KPAVIResource@@U?$less@_K@std@@V?$allocator@U?$pair@$$CB_KPAVIResource@@@std@@@3@$0A@@std@@@std@@IAEPAU?$_Tree_node@U?$pair@$$CB_KPAVIResource@@@std@@PAX@1@PAU21@AAU?$pair@$$CB_KPAVIResource@@@1@@Z 100cbcd0 f i MyDynLib.obj
 0001:000cad00       ??$_Convert_size@I@std@@YAII@Z 100cbd00 f i MyDynLib.obj
 0001:000cad30       ??$_Copy_memmove@PAEPAE@std@@YAPAEPAE00@Z 100cbd30 f i MyDynLib.obj
 0001:000cada0       ??$_Copy_memmove@PAPAVIResource@@PAPAV1@@std@@YAPAPAVIResource@@PAPAV1@00@Z 100cbda0 f i MyDynLib.obj
 0001:000cae10       ??$_Deallocate_plain@V?$allocator@U_Container_proxy@std@@@std@@$0A@@std@@YAXAAV?$allocator@U_Container_proxy@std@@@0@QAU_Container_proxy@0@@Z 100cbe10 f i MyDynLib.obj
 0001:000cae60       ??$_Debug_lt_pred@AAU?$less@_K@std@@AB_KAB_K@std@@YA_NAAU?$less@_K@0@AB_K1PB_WI@Z 100cbe60 f i MyDynLib.obj
 0001:000caf30       ??$_Debug_lt_pred@ABU?$less@_K@std@@AB_KAB_K@std@@YA_NABU?$less@_K@0@AB_K1PB_WI@Z 100cbf30 f i MyDynLib.obj
 0001:000cb000       ??$_Debug_range2@PAD@std@@YAXPAD0PB_WIUrandom_access_iterator_tag@0@@Z 100cc000 f i MyDynLib.obj
 0001:000cb080       ??$_Debug_range@PAD@std@@YAXPAD0PB_WI@Z 100cc080 f i MyDynLib.obj
 0001:000cb0e0       ??$_Destroy_range1@V?$allocator@E@std@@@std@@YAXPAE0AAV?$allocator@E@0@U?$integral_constant@_N$00@0@@Z 100cc0e0 f i MyDynLib.obj
 0001:000cb110       ??$_Destroy_range1@V?$allocator@PAVIResource@@@std@@@std@@YAXPAPAVIResource@@0AAV?$allocator@PAVIResource@@@0@U?$integral_constant@_N$00@0@@Z 100cc110 f i MyDynLib.obj
 0001:000cb140       ??$_Destroy_range@V?$allocator@E@std@@@std@@YAXPAE0AAV?$allocator@E@0@@Z 100cc140 f i MyDynLib.obj
 0001:000cb190       ??$_Destroy_range@V?$allocator@PAVIResource@@@std@@@std@@YAXPAPAVIResource@@0AAV?$allocator@PAVIResource@@@0@@Z 100cc190 f i MyDynLib.obj
 0001:000cb1e0       ??$_Distance1@V?$_Tree_const_iterator@V?$_Tree_val@U?$_Tree_simple_types@U?$pair@$$CB_KPAVIResource@@@std@@@std@@@std@@@std@@@std@@YAHV?$_Tree_const_iterator@V?$_Tree_val@U?$_Tree_simple_types@U?$pair@$$CB_KPAVIResource@@@std@@@std@@@std@@@0@0Uinput_iterator_tag@0@@Z 100cc1e0 f i MyDynLib.obj
 0001:000cb2a0       ??$_Emplace_back_with_unused_capacity@ABE@?$vector@EV?$allocator@E@std@@@std@@AAEXABE@Z 100cc2a0 f i MyDynLib.obj
 0001:000cb350       ??$_Emplace_back_with_unused_capacity@ABQAVIResource@@@?$vector@PAVIResource@@V?$allocator@PAVIResource@@@std@@@std@@AAEXABQAVIResource@@@Z 100cc350 f i MyDynLib.obj
 0001:000cb400       ??$_Eqrange@_K@?$_Tree@V?$_Tmap_traits@_KPAVIResource@@U?$less@_K@std@@V?$allocator@U?$pair@$$CB_KPAVIResource@@@std@@@3@$0A@@std@@@std@@IBE?AU?$pair@V?$_Tree_const_iterator@V?$_Tree_val@U?$_Tree_simple_types@U?$pair@$$CB_KPAVIResource@@@std@@@std@@@std@@@std@@V12@@1@AB_K@Z 100cc400 f i MyDynLib.obj
 0001:000cb6a0       ??$_Fgetc@D@std@@YA_NAADPAU_iobuf@@@Z 100cc6a0 f i MyDynLib.obj
 0001:000cb710       ??$_Fputc@D@std@@YA_NDPAU_iobuf@@@Z 100cc710 f i MyDynLib.obj
 0001:000cb780       ??$_Insert_at@AAU?$pair@$$CB_KPAVIResource@@@std@@PAU?$_Tree_node@U?$pair@$$CB_KPAVIResource@@@std@@PAX@2@@?$_Tree@V?$_Tmap_traits@_KPAVIResource@@U?$less@_K@std@@V?$allocator@U?$pair@$$CB_KPAVIResource@@@std@@@3@$0A@@std@@@std@@IAE?AV?$_Tree_iterator@V?$_Tree_val@U?$_Tree_simple_types@U?$pair@$$CB_KPAVIResource@@@std@@@std@@@std@@@1@_NPAU?$_Tree_node@U?$pair@$$CB_KPAVIResource@@@std@@PAX@1@AAU?$pair@$$CB_KPAVIResource@@@1@1@Z 100cc780 f i MyDynLib.obj
 0001:000cba60       ??$_Insert_nohint@AAU?$pair@$$CB_KPAVIResource@@@std@@PAU?$_Tree_node@U?$pair@$$CB_KPAVIResource@@@std@@PAX@2@@?$_Tree@V?$_Tmap_traits@_KPAVIResource@@U?$less@_K@std@@V?$allocator@U?$pair@$$CB_KPAVIResource@@@std@@@3@$0A@@std@@@std@@IAE?AU?$pair@V?$_Tree_iterator@V?$_Tree_val@U?$_Tree_simple_types@U?$pair@$$CB_KPAVIResource@@@std@@@std@@@std@@@std@@_N@1@_NAAU?$pair@$$CB_KPAVIResource@@@1@PAU?$_Tree_node@U?$pair@$$CB_KPAVIResource@@@std@@PAX@1@@Z 100cca60 f i MyDynLib.obj
 0001:000cbf70       ??$_Integral_to_string@DH@std@@YA?AV?$basic_string@DU?$char_traits@D@std@@V?$allocator@D@2@@0@H@Z 100ccf70 f i MyDynLib.obj
 0001:000cc080       ??$_Integral_to_string@D_K@std@@YA?AV?$basic_string@DU?$char_traits@D@std@@V?$allocator@D@2@@0@_K@Z 100cd080 f i MyDynLib.obj
 0001:000cc1a0       ??$_Kfn@$$CB_KPAVIResource@@@?$_Tmap_traits@_KPAVIResource@@U?$less@_K@std@@V?$allocator@U?$pair@$$CB_KPAVIResource@@@std@@@3@$0A@@std@@SAAB_KABU?$pair@$$CB_KPAVIResource@@@1@@Z 100cd1a0 f i MyDynLib.obj
 0001:000cc1d0       ??$_Lbound@_K@?$_Tree@V?$_Tmap_traits@_KPAVIResource@@U?$less@_K@std@@V?$allocator@U?$pair@$$CB_KPAVIResource@@@std@@@3@$0A@@std@@@std@@IBEPAU?$_Tree_node@U?$pair@$$CB_KPAVIResource@@@std@@PAX@1@AB_K@Z 100cd1d0 f i MyDynLib.obj
 0001:000cc270       ??$_Max_value@I@std@@YAABIABI0@Z 100cd270 f i MyDynLib.obj
 0001:000cc2d0       ??$_Min_value@I@std@@YAABIABI0@Z 100cd2d0 f i MyDynLib.obj
 0001:000cc330       ??$_Ptr_move_cat@EE@std@@YA?AU_Really_trivial_ptr_iterator_tag@0@ABQAE0@Z 100cd330 f i MyDynLib.obj
 0001:000cc360       ??$_Ptr_move_cat@PAVIResource@@PAV1@@std@@YA?AU_Really_trivial_ptr_iterator_tag@0@ABQAPAVIResource@@0@Z 100cd360 f i MyDynLib.obj
 0001:000ccb70       ??$_Rechecked@PAEPAE@std@@YAAAPAEAAPAEPAE@Z 100cdb70 f i MyDynLib.obj
 0001:000ccba0       ??$_Rechecked@PAPAVIResource@@PAPAV1@@std@@YAAAPAPAVIResource@@AAPAPAV1@PAPAV1@@Z 100cdba0 f i MyDynLib.obj
 0001:000ccbd0       ??$_Refancy@PAD$0A@@std@@YAPADPAD@Z 100cdbd0 f i MyDynLib.obj
 0001:000ccc00       ??$_Traits_equal@U?$char_traits@D@std@@@std@@YA_NQBDI0I@Z 100cdc00 f i MyDynLib.obj
 0001:000ccc70       ??$_Traits_find@U?$char_traits@D@std@@@std@@YAIQBDII0I@Z 100cdc70 f i MyDynLib.obj
 0001:000ccd30       ??$_Traits_find_last_of@U?$char_traits@D@std@@@std@@YAIQBDII0I@Z 100cdd30 f i MyDynLib.obj
 0001:000ccdd0       ??$_UIntegral_to_buff@DI@std@@YAPADPADI@Z 100cddd0 f i MyDynLib.obj
 0001:000ccea0       ??$_UIntegral_to_buff@D_K@std@@YAPADPAD_K@Z 100cdea0 f i MyDynLib.obj
 0001:000ccfb0       ??$_Unchecked@PAD@std@@YAPADPAD@Z 100cdfb0 f i MyDynLib.obj
 0001:000ccfe0       ??$_Unchecked@PAE@std@@YAPAEPAE@Z 100cdfe0 f i MyDynLib.obj
 0001:000cd010       ??$_Unchecked@PAPAVIResource@@@std@@YAPAPAVIResource@@PAPAV1@@Z 100ce010 f i MyDynLib.obj
 0001:000cd040       ??$_Unfancy@$$CBD@std@@YAPBDPBD@Z 100ce040 f i MyDynLib.obj
 0001:000cd070       ??$_Unfancy@D@std@@YAPADPAD@Z 100ce070 f i MyDynLib.obj
 0001:000cd0a0       ??$_Unfancy@E@std@@YAPAEPAE@Z 100ce0a0 f i MyDynLib.obj
 0001:000cd0d0       ??$_Unfancy@PAVIResource@@@std@@YAPAPAVIResource@@PAPAV1@@Z 100ce0d0 f i MyDynLib.obj
 0001:000cd100       ??$_Unfancy@U_Container_proxy@std@@@std@@YAPAU_Container_proxy@0@PAU10@@Z 100ce100 f i MyDynLib.obj
 0001:000cd130       ??$_Ungetc@D@std@@YA_NABDPAU_iobuf@@@Z 100ce130 f i MyDynLib.obj
 0001:000cd1a0       ??$_Uninitialized_move@PAEPAEV?$allocator@E@std@@@std@@YAPAEPAE00AAV?$allocator@E@0@@Z 100ce1a0 f i MyDynLib.obj
 0001:000cd2a0       ??$_Uninitialized_move@PAPAVIResource@@PAPAV1@V?$allocator@PAVIResource@@@std@@@std@@YAPAPAVIResource@@PAPAV1@00AAV?$allocator@PAVIResource@@@0@@Z 100ce2a0 f i MyDynLib.obj
 0001:000cd3a0       ??$_Uninitialized_move_al_unchecked@EEV?$allocator@E@std@@@std@@YAPAEPAE00AAV?$allocator@E@0@U_Really_trivial_ptr_iterator_tag@0@U?$integral_constant@_N$00@0@@Z 100ce3a0 f i MyDynLib.obj
 0001:000cd3f0       ??$_Uninitialized_move_al_unchecked@PAVIResource@@PAV1@V?$allocator@PAVIResource@@@std@@@std@@YAPAPAVIResource@@PAPAV1@00AAV?$allocator@PAVIResource@@@0@U_Really_trivial_ptr_iterator_tag@0@U?$integral_constant@_N$00@0@@Z 100ce3f0 f i MyDynLib.obj
 0001:000cd440       ??$__vcrt_va_start_verify_argument_type@QBD@@YAXXZ 100ce440 f i MyDynLib.obj
 0001:000cd470       ??$addressof@$$CBV?$_Tree_val@U?$_Tree_simple_types@U?$pair@$$CB_KPAVIResource@@@std@@@std@@@std@@@std@@YAPBV?$_Tree_val@U?$_Tree_simple_types@U?$pair@$$CB_KPAVIResource@@@std@@@std@@@0@ABV10@@Z 100ce470 f i MyDynLib.obj
 0001:000cd4a0       ??$addressof@PAD@std@@YAPAPADAAPAD@Z 100ce4a0 f i MyDynLib.obj
 0001:000cd4d0       ??$addressof@PAU?$_Tree_node@U?$pair@$$CB_KPAVIResource@@@std@@PAX@std@@@std@@YAPAPAU?$_Tree_node@U?$pair@$$CB_KPAVIResource@@@std@@PAX@0@AAPAU10@@Z 100ce4d0 f i MyDynLib.obj
 0001:000cd500       ??$addressof@U?$pair@$$CB_KPAVIResource@@@std@@@std@@YAPAU?$pair@$$CB_KPAVIResource@@@0@AAU10@@Z 100ce500 f i MyDynLib.obj
 0001:000cd530       ??$addressof@V?$_String_val@U?$_Simple_types@D@std@@@std@@@std@@YAPAV?$_String_val@U?$_Simple_types@D@std@@@0@AAV10@@Z 100ce530 f i MyDynLib.obj
 0001:000cd560       ??$addressof@V?$_Tree_val@U?$_Tree_simple_types@U?$pair@$$CB_KPAVIResource@@@std@@@std@@@std@@@std@@YAPAV?$_Tree_val@U?$_Tree_simple_types@U?$pair@$$CB_KPAVIResource@@@std@@@std@@@0@AAV10@@Z 100ce560 f i MyDynLib.obj
 0001:000cd590       ??$addressof@V?$_Vector_val@U?$_Simple_types@E@std@@@std@@@std@@YAPAV?$_Vector_val@U?$_Simple_types@E@std@@@0@AAV10@@Z 100ce590 f i MyDynLib.obj
 0001:000cd5c0       ??$construct@EABE@?$_Default_allocator_traits@V?$allocator@E@std@@@std@@SAXAAV?$allocator@E@1@QAEABE@Z 100ce5c0 f i MyDynLib.obj
 0001:000cd620       ??$construct@PADABQAD@?$_Default_allocator_traits@V?$allocator@D@std@@@std@@SAXAAV?$allocator@D@1@QAPADABQAD@Z 100ce620 f i MyDynLib.obj
 0001:000cd680       ??$construct@PAU?$_Tree_node@U?$pair@$$CB_KPAVIResource@@@std@@PAX@std@@AAPAU12@@?$_Default_allocator_traits@V?$allocator@U?$_Tree_node@U?$pair@$$CB_KPAVIResource@@@std@@PAX@std@@@std@@@std@@SAXAAV?$allocator@U?$_Tree_node@U?$pair@$$CB_KPAVIResource@@@std@@PAX@std@@@1@QAPAU?$_Tree_node@U?$pair@$$CB_KPAVIResource@@@std@@PAX@1@AAPAU31@@Z 100ce680 f i MyDynLib.obj
 0001:000cd6e0       ??$construct@PAVIResource@@ABQAV1@@?$_Default_allocator_traits@V?$allocator@PAVIResource@@@std@@@std@@SAXAAV?$allocator@PAVIResource@@@1@QAPAVIResource@@ABQAV3@@Z 100ce6e0 f i MyDynLib.obj
 0001:000cd740       ??$construct@U?$pair@$$CB_KPAVIResource@@@std@@U?$pair@_KPAVIResource@@@2@@?$_Default_allocator_traits@V?$allocator@U?$_Tree_node@U?$pair@$$CB_KPAVIResource@@@std@@PAX@std@@@std@@@std@@SAXAAV?$allocator@U?$_Tree_node@U?$pair@$$CB_KPAVIResource@@@std@@PAX@std@@@1@QAU?$pair@$$CB_KPAVIResource@@@1@$$QAU?$pair@_KPAVIResource@@@1@@Z 100ce740 f i MyDynLib.obj
 0001:000cd7a0       ??$construct@U_Container_proxy@std@@U12@@?$_Default_allocator_traits@V?$allocator@U_Container_proxy@std@@@std@@@std@@SAXAAV?$allocator@U_Container_proxy@std@@@1@QAU_Container_proxy@1@$$QAU31@@Z 100ce7a0 f i MyDynLib.obj
 0001:000cd810       ??$destroy@E@?$_Default_allocator_traits@V?$allocator@E@std@@@std@@SAXAAV?$allocator@E@1@QAE@Z 100ce810 f i MyDynLib.obj
 0001:000cd840       ??$destroy@PAD@?$_Default_allocator_traits@V?$allocator@D@std@@@std@@SAXAAV?$allocator@D@1@QAPAD@Z 100ce840 f i MyDynLib.obj
 0001:000cd870       ??$destroy@PAU?$_Tree_node@U?$pair@$$CB_KPAVIResource@@@std@@PAX@std@@@?$_Default_allocator_traits@V?$allocator@U?$_Tree_node@U?$pair@$$CB_KPAVIResource@@@std@@PAX@std@@@std@@@std@@SAXAAV?$allocator@U?$_Tree_node@U?$pair@$$CB_KPAVIResource@@@std@@PAX@std@@@1@QAPAU?$_Tree_node@U?$pair@$$CB_KPAVIResource@@@std@@PAX@1@@Z 100ce870 f i MyDynLib.obj
 0001:000cd8a0       ??$destroy@PAVIResource@@@?$_Default_allocator_traits@V?$allocator@PAVIResource@@@std@@@std@@SAXAAV?$allocator@PAVIResource@@@1@QAPAVIResource@@@Z 100ce8a0 f i MyDynLib.obj
 0001:000cd8d0       ??$destroy@U?$pair@$$CB_KPAVIResource@@@std@@@?$_Default_allocator_traits@V?$allocator@U?$_Tree_node@U?$pair@$$CB_KPAVIResource@@@std@@PAX@std@@@std@@@std@@SAXAAV?$allocator@U?$_Tree_node@U?$pair@$$CB_KPAVIResource@@@std@@PAX@std@@@1@QAU?$pair@$$CB_KPAVIResource@@@1@@Z 100ce8d0 f i MyDynLib.obj
 0001:000cd900       ??$destroy@U_Container_proxy@std@@@?$_Default_allocator_traits@V?$allocator@U_Container_proxy@std@@@std@@@std@@SAXAAV?$allocator@U_Container_proxy@std@@@1@QAU_Container_proxy@1@@Z 100ce900 f i MyDynLib.obj
 0001:000cd930       ??$distance@V?$_Tree_const_iterator@V?$_Tree_val@U?$_Tree_simple_types@U?$pair@$$CB_KPAVIResource@@@std@@@std@@@std@@@std@@@std@@YAHV?$_Tree_const_iterator@V?$_Tree_val@U?$_Tree_simple_types@U?$pair@$$CB_KPAVIResource@@@std@@@std@@@std@@@0@0@Z 100ce930 f i MyDynLib.obj
 0001:000cda00       ??$emplace@U?$pair@_KPAVIResource@@@std@@@?$_Tree@V?$_Tmap_traits@_KPAVIResource@@U?$less@_K@std@@V?$allocator@U?$pair@$$CB_KPAVIResource@@@std@@@3@$0A@@std@@@std@@QAE?AU?$pair@V?$_Tree_iterator@V?$_Tree_val@U?$_Tree_simple_types@U?$pair@$$CB_KPAVIResource@@@std@@@std@@@std@@@std@@_N@1@$$QAU?$pair@_KPAVIResource@@@1@@Z 100cea00 f i MyDynLib.obj
 0001:000cda90       ??$emplace_back@ABE@?$vector@EV?$allocator@E@std@@@std@@QAE@ABE@Z 100cea90 f i MyDynLib.obj
 0001:000cdc50       ??$emplace_back@ABQAVIResource@@@?$vector@PAVIResource@@V?$allocator@PAVIResource@@@std@@@std@@QAE@ABQAVIResource@@@Z 100cec50 f i MyDynLib.obj
 0001:000cde10       ??$end@D$0BF@@std@@YAPADAAY0BF@D@Z 100cee10 f i MyDynLib.obj
 0001:000cde40       ??$endl@DU?$char_traits@D@std@@@std@@YAAAV?$basic_ostream@DU?$char_traits@D@std@@@0@AAV10@@Z 100cee40 f i MyDynLib.obj
 0001:000cdec0       ??$forward@AAPAU?$_Tree_node@U?$pair@$$CB_KPAVIResource@@@std@@PAX@std@@@std@@YAAAPAU?$_Tree_node@U?$pair@$$CB_KPAVIResource@@@std@@PAX@0@AAPAU10@@Z 100ceec0 f i MyDynLib.obj
 0001:000cdef0       ??$forward@AAPAVIResource@@@std@@YAAAPAVIResource@@AAPAV1@@Z 100ceef0 f i MyDynLib.obj
 0001:000cdf20       ??$forward@AAU?$pair@$$CB_KPAVIResource@@@std@@@std@@YAAAU?$pair@$$CB_KPAVIResource@@@0@AAU10@@Z 100cef20 f i MyDynLib.obj
 0001:000cdf50       ??$forward@AAV?$_Tree_const_iterator@V?$_Tree_val@U?$_Tree_simple_types@U?$pair@$$CB_KPAVIResource@@@std@@@std@@@std@@@std@@@std@@YAAAV?$_Tree_const_iterator@V?$_Tree_val@U?$_Tree_simple_types@U?$pair@$$CB_KPAVIResource@@@std@@@std@@@std@@@0@AAV10@@Z 100cef50 f i MyDynLib.obj
 0001:000cdf80       ??$forward@AAV?$_Tree_iterator@V?$_Tree_val@U?$_Tree_simple_types@U?$pair@$$CB_KPAVIResource@@@std@@@std@@@std@@@std@@@std@@YAAAV?$_Tree_iterator@V?$_Tree_val@U?$_Tree_simple_types@U?$pair@$$CB_KPAVIResource@@@std@@@std@@@std@@@0@AAV10@@Z 100cef80 f i MyDynLib.obj
 0001:000cdfb0       ??$forward@AA_K@std@@YAAA_KAA_K@Z 100cefb0 f i MyDynLib.obj
 0001:000cdfe0       ??$forward@ABE@std@@YAABEABE@Z 100cefe0 f i MyDynLib.obj
 0001:000ce010       ??$forward@ABQAD@std@@YAABQADABQAD@Z 100cf010 f i MyDynLib.obj
 0001:000ce040       ??$forward@ABQAVIResource@@@std@@YAABQAVIResource@@ABQAV1@@Z 100cf040 f i MyDynLib.obj
 0001:000ce070       ??$forward@ABU?$less@_K@std@@@std@@YAABU?$less@_K@0@ABU10@@Z 100cf070 f i MyDynLib.obj
 0001:000ce0a0       ??$forward@ABV?$allocator@D@std@@@std@@YAABV?$allocator@D@0@ABV10@@Z 100cf0a0 f i MyDynLib.obj
 0001:000ce0d0       ??$forward@PAVIResource@@@std@@YA$$QAPAVIResource@@AAPAV1@@Z 100cf0d0 f i MyDynLib.obj
 0001:000ce100       ??$forward@U?$pair@_KPAVIResource@@@std@@@std@@YA$$QAU?$pair@_KPAVIResource@@@0@AAU10@@Z 100cf100 f i MyDynLib.obj
 0001:000ce130       ??$forward@U_Container_proxy@std@@@std@@YA$$QAU_Container_proxy@0@AAU10@@Z 100cf130 f i MyDynLib.obj
 0001:000ce160       ??$forward@U_Zero_then_variadic_args_t@std@@@std@@YA$$QAU_Zero_then_variadic_args_t@0@AAU10@@Z 100cf160 f i MyDynLib.obj
 0001:000ce190       ??$forward@V?$_Tree_iterator@V?$_Tree_val@U?$_Tree_simple_types@U?$pair@$$CB_KPAVIResource@@@std@@@std@@@std@@@std@@@std@@YA$$QAV?$_Tree_iterator@V?$_Tree_val@U?$_Tree_simple_types@U?$pair@$$CB_KPAVIResource@@@std@@@std@@@std@@@0@AAV10@@Z 100cf190 f i MyDynLib.obj
 0001:000ce1c0       ??$forward@V?$allocator@D@std@@@std@@YA$$QAV?$allocator@D@0@AAV10@@Z 100cf1c0 f i MyDynLib.obj
 0001:000ce1f0       ??$forward@_K@std@@YA$$QA_KAA_K@Z 100cf1f0 f i MyDynLib.obj
 0001:000ce220       ??$forward@_N@std@@YA$$QA_NAA_N@Z 100cf220 f i MyDynLib.obj
 0001:000ce250       ??$insert@U?$pair@_KPAVIResource@@@std@@X@?$map@_KPAVIResource@@U?$less@_K@std@@V?$allocator@U?$pair@$$CB_KPAVIResource@@@std@@@3@@std@@QAE?AU?$pair@V?$_Tree_iterator@V?$_Tree_val@U?$_Tree_simple_types@U?$pair@$$CB_KPAVIResource@@@std@@@std@@@std@@@std@@_N@1@$$QAU?$pair@_KPAVIResource@@@1@@Z 100cf250 f i MyDynLib.obj
 0001:000ce2c0       ??$move@AAV?$allocator@D@std@@@std@@YA$$QAV?$allocator@D@0@AAV10@@Z 100cf2c0 f i MyDynLib.obj
 0001:000ce2f0       ??$move@AAV?$basic_string@DU?$char_traits@D@std@@V?$allocator@D@2@@std@@@std@@YA$$QAV?$basic_string@DU?$char_traits@D@std@@V?$allocator@D@2@@0@AAV10@@Z 100cf2f0 f i MyDynLib.obj
 0001:000ce320       ??$use_facet@V?$codecvt@DDU_Mbstatet@@@std@@@std@@YAABV?$codecvt@DDU_Mbstatet@@@0@ABVlocale@0@@Z 100cf320 f i MyDynLib.obj
 0001:000ce4d0       ??0?$_String_alloc@U?$_String_base_types@DV?$allocator@D@std@@@std@@@std@@QAE@XZ 100cf4d0 f i MyDynLib.obj
 0001:000ce560       ??0?$_String_const_iterator@V?$_String_val@U?$_Simple_types@D@std@@@std@@@std@@QAE@PBDPBU_Container_base12@1@@Z 100cf560 f i MyDynLib.obj
 0001:000ce5c0       ??0?$_String_iterator@V?$_String_val@U?$_Simple_types@D@std@@@std@@@std@@QAE@PADPBU_Container_base12@1@@Z 100cf5c0 f i MyDynLib.obj
 0001:000ce610       ??0?$_String_val@U?$_Simple_types@D@std@@@std@@QAE@XZ 100cf610 f i MyDynLib.obj
 0001:000ce6b0       ??0?$_Tree@V?$_Tmap_traits@_KPAVIResource@@U?$less@_K@std@@V?$allocator@U?$pair@$$CB_KPAVIResource@@@std@@@3@$0A@@std@@@std@@QAE@ABU?$less@_K@1@@Z 100cf6b0 f i MyDynLib.obj
 0001:000ce700       ??0?$_Tree_comp_alloc@V?$_Tmap_traits@_KPAVIResource@@U?$less@_K@std@@V?$allocator@U?$pair@$$CB_KPAVIResource@@@std@@@3@$0A@@std@@@std@@QAE@ABU?$less@_K@1@@Z 100cf700 f i MyDynLib.obj
 0001:000ce7a0       ??0?$_Tree_const_iterator@V?$_Tree_val@U?$_Tree_simple_types@U?$pair@$$CB_KPAVIResource@@@std@@@std@@@std@@@std@@QAE@$$QAV01@@Z 100cf7a0 f i MyDynLib.obj
 0001:000ce7f0       ??0?$_Tree_const_iterator@V?$_Tree_val@U?$_Tree_simple_types@U?$pair@$$CB_KPAVIResource@@@std@@@std@@@std@@@std@@QAE@ABV01@@Z 100cf7f0 f i MyDynLib.obj
 0001:000ce840       ??0?$_Tree_const_iterator@V?$_Tree_val@U?$_Tree_simple_types@U?$pair@$$CB_KPAVIResource@@@std@@@std@@@std@@@std@@QAE@PAU?$_Tree_node@U?$pair@$$CB_KPAVIResource@@@std@@PAX@1@PBV?$_Tree_val@U?$_Tree_simple_types@U?$pair@$$CB_KPAVIResource@@@std@@@std@@@1@@Z 100cf840 f i MyDynLib.obj
 0001:000ce890       ??0?$_Tree_iterator@V?$_Tree_val@U?$_Tree_simple_types@U?$pair@$$CB_KPAVIResource@@@std@@@std@@@std@@@std@@QAE@$$QAV01@@Z 100cf890 f i MyDynLib.obj
 0001:000ce8e0       ??0?$_Tree_iterator@V?$_Tree_val@U?$_Tree_simple_types@U?$pair@$$CB_KPAVIResource@@@std@@@std@@@std@@@std@@QAE@ABV01@@Z 100cf8e0 f i MyDynLib.obj
 0001:000ce930       ??0?$_Tree_iterator@V?$_Tree_val@U?$_Tree_simple_types@U?$pair@$$CB_KPAVIResource@@@std@@@std@@@std@@@std@@QAE@PAU?$_Tree_node@U?$pair@$$CB_KPAVIResource@@@std@@PAX@1@PBV?$_Tree_val@U?$_Tree_simple_types@U?$pair@$$CB_KPAVIResource@@@std@@@std@@@1@@Z 100cf930 f i MyDynLib.obj
 0001:000ce980       ??0?$_Tree_unchecked_const_iterator@V?$_Tree_val@U?$_Tree_simple_types@U?$pair@$$CB_KPAVIResource@@@std@@@std@@@std@@U_Iterator_base12@2@@std@@QAE@$$QAV01@@Z 100cf980 f i MyDynLib.obj
 0001:000ce9e0       ??0?$_Tree_unchecked_const_iterator@V?$_Tree_val@U?$_Tree_simple_types@U?$pair@$$CB_KPAVIResource@@@std@@@std@@@std@@U_Iterator_base12@2@@std@@QAE@ABV01@@Z 100cf9e0 f i MyDynLib.obj
 0001:000cea40       ??0?$_Tree_unchecked_const_iterator@V?$_Tree_val@U?$_Tree_simple_types@U?$pair@$$CB_KPAVIResource@@@std@@@std@@@std@@U_Iterator_base12@2@@std@@QAE@PAU?$_Tree_node@U?$pair@$$CB_KPAVIResource@@@std@@PAX@1@PBV?$_Tree_val@U?$_Tree_simple_types@U?$pair@$$CB_KPAVIResource@@@std@@@std@@@1@@Z 100cfa40 f i MyDynLib.obj
 0001:000ceaa0       ??0?$_Tree_val@U?$_Tree_simple_types@U?$pair@$$CB_KPAVIResource@@@std@@@std@@@std@@QAE@XZ 100cfaa0 f i MyDynLib.obj
 0001:000ceb00       ??0?$_Vector_alloc@U?$_Vec_base_types@EV?$allocator@E@std@@@std@@@std@@QAE@XZ 100cfb00 f i MyDynLib.obj
 0001:000ceb90       ??0?$_Vector_const_iterator@V?$_Vector_val@U?$_Simple_types@E@std@@@std@@@std@@QAE@PAEPBU_Container_base12@1@@Z 100cfb90 f i MyDynLib.obj
 0001:000cebf0       ??0?$_Vector_iterator@V?$_Vector_val@U?$_Simple_types@E@std@@@std@@@std@@QAE@PAEPBU_Container_base12@1@@Z 100cfbf0 f i MyDynLib.obj
 0001:000cec40       ??0?$_Vector_val@U?$_Simple_types@E@std@@@std@@QAE@XZ 100cfc40 f i MyDynLib.obj
 0001:000ceca0       ??0?$allocator@D@std@@QAE@XZ 100cfca0 f i MyDynLib.obj
 0001:000cecd0       ??0?$allocator@E@std@@QAE@XZ 100cfcd0 f i MyDynLib.obj
 0001:000ced00       ??0?$allocator@U?$_Tree_node@U?$pair@$$CB_KPAVIResource@@@std@@PAX@std@@@std@@QAE@XZ 100cfd00 f i MyDynLib.obj
 0001:000ced30       ??0?$basic_filebuf@DU?$char_traits@D@std@@@std@@QAE@PAU_iobuf@@@Z 100cfd30 f i MyDynLib.obj
 0001:000cedd0       ??0?$basic_ifstream@DU?$char_traits@D@std@@@std@@QAE@ABV?$basic_string@DU?$char_traits@D@std@@V?$allocator@D@2@@1@HH@Z 100cfdd0 f i MyDynLib.obj
 0001:000cee60       ??0?$basic_ifstream@DU?$char_traits@D@std@@@std@@QAE@PBDHH@Z 100cfe60 f i MyDynLib.obj
 0001:000cefb0       ??0?$basic_string@DU?$char_traits@D@std@@V?$allocator@D@2@@std@@QAE@$$QAV01@@Z 100cffb0 f i MyDynLib.obj
 0001:000cf060       ??0?$basic_string@DU?$char_traits@D@std@@V?$allocator@D@2@@std@@QAE@ABV01@IIABV?$allocator@D@1@@Z 100d0060 f i MyDynLib.obj
 0001:000cf100       ??0?$basic_string@DU?$char_traits@D@std@@V?$allocator@D@2@@std@@QAE@ID@Z 100d0100 f i MyDynLib.obj
 0001:000cf1a0       ??0?$basic_string@DU?$char_traits@D@std@@V?$allocator@D@2@@std@@QAE@QBD@Z 100d01a0 f i MyDynLib.obj
 0001:000cf230       ??0?$basic_string@DU?$char_traits@D@std@@V?$allocator@D@2@@std@@QAE@XZ 100d0230 f i MyDynLib.obj
 0001:000cf2b0       ??0?$fpos@U_Mbstatet@@@std@@QAE@U_Mbstatet@@_J@Z 100d02b0 f i MyDynLib.obj
 0001:000cf310       ??0?$fpos@U_Mbstatet@@@std@@QAE@_J@Z 100d0310 f i MyDynLib.obj
 0001:000cf370       ??0?$map@_KPAVIResource@@U?$less@_K@std@@V?$allocator@U?$pair@$$CB_KPAVIResource@@@std@@@3@@std@@QAE@XZ 100d0370 f i MyDynLib.obj
 0001:000cf3c0       ??0?$vector@EV?$allocator@E@std@@@std@@QAE@XZ 100d03c0 f i MyDynLib.obj
 0001:000cf430       ??0CImageResource@@QAE@PBD_K@Z 100d0430 f i MyDynLib.obj
 0001:000cf4d0       ??0CResource@@QAE@PBD_K@Z  100d04d0 f i MyDynLib.obj
 0001:000cf570       ??0CResourceCollection@@QAE@XZ 100d0570 f i MyDynLib.obj
 0001:000cf690       ??0IImageResource@@QAE@$$QAV0@@Z 100d0690 f i MyDynLib.obj
 0001:000cf6f0       ??0IImageResource@@QAE@ABV0@@Z 100d06f0 f i MyDynLib.obj
 0001:000cf750       ??0IImageResource@@QAE@XZ  100d0750 f i MyDynLib.obj
 0001:000cf7a0       ??0IResource@@QAE@$$QAV0@@Z 100d07a0 f i MyDynLib.obj
 0001:000cf7e0       ??0IResource@@QAE@ABV0@@Z  100d07e0 f i MyDynLib.obj
 0001:000cf820       ??0IResource@@QAE@XZ       100d0820 f i MyDynLib.obj
 0001:000cf860       ??0IResourceCollection@@QAE@$$QAV0@@Z 100d0860 f i MyDynLib.obj
 0001:000cf8a0       ??0IResourceCollection@@QAE@ABV0@@Z 100d08a0 f i MyDynLib.obj
 0001:000cf8e0       ??0IResourceCollection@@QAE@XZ 100d08e0 f i MyDynLib.obj
 0001:000cf920       ??0IVideoResource@@QAE@$$QAV0@@Z 100d0920 f i MyDynLib.obj
 0001:000cf980       ??0IVideoResource@@QAE@ABV0@@Z 100d0980 f i MyDynLib.obj
 0001:000cf9e0       ??0IVideoResource@@QAE@XZ  100d09e0 f i MyDynLib.obj
 0001:000cfa30       ??0_Bxty@?$_String_val@U?$_Simple_types@D@std@@@std@@QAE@XZ 100d0a30 f i MyDynLib.obj
 0001:000cfa60       ??0_Container_base12@std@@QAE@XZ 100d0a60 f i MyDynLib.obj
 0001:000cfaa0       ??0_Container_proxy@std@@QAE@XZ 100d0aa0 f i MyDynLib.obj
 0001:000cfae0       ??0_Iterator_base12@std@@QAE@ABU01@@Z 100d0ae0 f i MyDynLib.obj
 0001:000cfb40       ??0_Iterator_base12@std@@QAE@XZ 100d0b40 f i MyDynLib.obj
 0001:000cfb80       ??0_Sentry_base@?$basic_ostream@DU?$char_traits@D@std@@@std@@QAE@AAV12@@Z 100d0b80 f i MyDynLib.obj
 0001:000cfc40       ??0bad_cast@std@@QAE@ABV01@@Z 100d0c40 f i MyDynLib.obj
 0001:000cfca0       ??0bad_cast@std@@QAE@XZ    100d0ca0 f i MyDynLib.obj
 0001:000cfd00       ??0exception@std@@QAE@ABV01@@Z 100d0d00 f i MyDynLib.obj
 0001:000cfd70       ??0exception@std@@QAE@QBDH@Z 100d0d70 f i MyDynLib.obj
 0001:000cfdc0       ??0random_device@std@@QAE@ABV?$basic_string@DU?$char_traits@D@std@@V?$allocator@D@2@@1@@Z 100d0dc0 f i MyDynLib.obj
 0001:000cfe10       ??0sentry@?$basic_ostream@DU?$char_traits@D@std@@@std@@QAE@AAV12@@Z 100d0e10 f i MyDynLib.obj
 0001:000cff50       ??1?$_Compressed_pair@U?$less@_K@std@@V?$_Compressed_pair@V?$allocator@U?$_Tree_node@U?$pair@$$CB_KPAVIResource@@@std@@PAX@std@@@std@@V?$_Tree_val@U?$_Tree_simple_types@U?$pair@$$CB_KPAVIResource@@@std@@@std@@@2@$00@2@$00@std@@QAE@XZ 100d0f50 f i MyDynLib.obj
 0001:000cff90       ??1?$_Compressed_pair@V?$allocator@D@std@@V?$_String_val@U?$_Simple_types@D@std@@@2@$00@std@@QAE@XZ 100d0f90 f i MyDynLib.obj
 0001:000cffd0       ??1?$_Compressed_pair@V?$allocator@E@std@@V?$_Vector_val@U?$_Simple_types@E@std@@@2@$00@std@@QAE@XZ 100d0fd0 f i MyDynLib.obj
 0001:000d0010       ??1?$_Compressed_pair@V?$allocator@U?$_Tree_node@U?$pair@$$CB_KPAVIResource@@@std@@PAX@std@@@std@@V?$_Tree_val@U?$_Tree_simple_types@U?$pair@$$CB_KPAVIResource@@@std@@@std@@@2@$00@std@@QAE@XZ 100d1010 f i MyDynLib.obj
 0001:000d0050       ??1?$_String_alloc@U?$_String_base_types@DV?$allocator@D@std@@@std@@@std@@QAE@XZ 100d1050 f i MyDynLib.obj
 0001:000d00d0       ??1?$_String_const_iterator@V?$_String_val@U?$_Simple_types@D@std@@@std@@@std@@QAE@XZ 100d10d0 f i MyDynLib.obj
 0001:000d0110       ??1?$_String_iterator@V?$_String_val@U?$_Simple_types@D@std@@@std@@@std@@QAE@XZ 100d1110 f i MyDynLib.obj
 0001:000d0150       ??1?$_String_val@U?$_Simple_types@D@std@@@std@@QAE@XZ 100d1150 f i MyDynLib.obj
 0001:000d01a0       ??1?$_Tree_const_iterator@V?$_Tree_val@U?$_Tree_simple_types@U?$pair@$$CB_KPAVIResource@@@std@@@std@@@std@@@std@@QAE@XZ 100d11a0 f i MyDynLib.obj
 0001:000d01e0       ??1?$_Tree_iterator@V?$_Tree_val@U?$_Tree_simple_types@U?$pair@$$CB_KPAVIResource@@@std@@@std@@@std@@@std@@QAE@XZ 100d11e0 f i MyDynLib.obj
 0001:000d0220       ??1?$_Tree_unchecked_const_iterator@V?$_Tree_val@U?$_Tree_simple_types@U?$pair@$$CB_KPAVIResource@@@std@@@std@@@std@@U_Iterator_base12@2@@std@@QAE@XZ 100d1220 f i MyDynLib.obj
 0001:000d0260       ??1?$_Tree_val@U?$_Tree_simple_types@U?$pair@$$CB_KPAVIResource@@@std@@@std@@@std@@QAE@XZ 100d1260 f i MyDynLib.obj
 0001:000d02a0       ??1?$_Vector_alloc@U?$_Vec_base_types@EV?$allocator@E@std@@@std@@@std@@QAE@XZ 100d12a0 f i MyDynLib.obj
 0001:000d0320       ??1?$_Vector_const_iterator@V?$_Vector_val@U?$_Simple_types@E@std@@@std@@@std@@QAE@XZ 100d1320 f i MyDynLib.obj
 0001:000d0360       ??1?$_Vector_iterator@V?$_Vector_val@U?$_Simple_types@E@std@@@std@@@std@@QAE@XZ 100d1360 f i MyDynLib.obj
 0001:000d03a0       ??1?$_Vector_val@U?$_Simple_types@E@std@@@std@@QAE@XZ 100d13a0 f i MyDynLib.obj
 0001:000d03e0       ??1?$basic_filebuf@DU?$char_traits@D@std@@@std@@UAE@XZ 100d13e0 f i MyDynLib.obj
 0001:000d0480       ??1?$basic_ifstream@DU?$char_traits@D@std@@@std@@UAE@XZ 100d1480 f i MyDynLib.obj
 0001:000d0510       ??1?$basic_string@DU?$char_traits@D@std@@V?$allocator@D@2@@std@@QAE@XZ 100d1510 f i MyDynLib.obj
 0001:000d0590       ??1?$pair@V?$_Tree_const_iterator@V?$_Tree_val@U?$_Tree_simple_types@U?$pair@$$CB_KPAVIResource@@@std@@@std@@@std@@@std@@V12@@std@@QAE@XZ 100d1590 f i MyDynLib.obj
 0001:000d05e0       ??1?$pair@V?$_Tree_iterator@V?$_Tree_val@U?$_Tree_simple_types@U?$pair@$$CB_KPAVIResource@@@std@@@std@@@std@@@std@@_N@std@@QAE@XZ 100d15e0 f i MyDynLib.obj
 0001:000d0620       ??1?$vector@EV?$allocator@E@std@@@std@@QAE@XZ 100d1620 f i MyDynLib.obj
 0001:000d06a0       ??1_Bxty@?$_String_val@U?$_Simple_types@D@std@@@std@@QAE@XZ 100d16a0 f i MyDynLib.obj
 0001:000d06d0       ??1_Container_base12@std@@QAE@XZ 100d16d0 f i MyDynLib.obj
 0001:000d0710       ??1_Iterator_base12@std@@QAE@XZ 100d1710 f i MyDynLib.obj
 0001:000d07e0       ??1_Sentry_base@?$basic_ostream@DU?$char_traits@D@std@@@std@@QAE@XZ 100d17e0 f i MyDynLib.obj
 0001:000d08c0       ??1bad_cast@std@@UAE@XZ    100d18c0 f i MyDynLib.obj
 0001:000d0900       ??1exception@std@@UAE@XZ   100d1900 f i MyDynLib.obj
 0001:000d0950       ??1locale@std@@QAE@XZ      100d1950 f i MyDynLib.obj
 0001:000d0a20       ??1sentry@?$basic_ostream@DU?$char_traits@D@std@@@std@@QAE@XZ 100d1a20 f i MyDynLib.obj
 0001:000d0ab0       ??2@YAPAXIPAX@Z            100d1ab0 f i MyDynLib.obj
 0001:000d0ae0       ??4IImageResource@@QAEAAV0@$$QAV0@@Z 100d1ae0 f i MyDynLib.obj
 0001:000d0b30       ??4IImageResource@@QAEAAV0@ABV0@@Z 100d1b30 f i MyDynLib.obj
 0001:000d0b80       ??4IResource@@QAEAAV0@$$QAV0@@Z 100d1b80 f i MyDynLib.obj
 0001:000d0bb0       ??4IResource@@QAEAAV0@ABV0@@Z 100d1bb0 f i MyDynLib.obj
 0001:000d0be0       ??4IResourceCollection@@QAEAAV0@$$QAV0@@Z 100d1be0 f i MyDynLib.obj
 0001:000d0c10       ??4IResourceCollection@@QAEAAV0@ABV0@@Z 100d1c10 f i MyDynLib.obj
 0001:000d0c40       ??4IVideoResource@@QAEAAV0@$$QAV0@@Z 100d1c40 f i MyDynLib.obj
 0001:000d0c90       ??4IVideoResource@@QAEAAV0@ABV0@@Z 100d1c90 f i MyDynLib.obj
 0001:000d0ce0       ??4_Iterator_base12@std@@QAEAAU01@ABU01@@Z 100d1ce0 f i MyDynLib.obj
 0001:000d0de0       ??8?$_Tree_const_iterator@V?$_Tree_val@U?$_Tree_simple_types@U?$pair@$$CB_KPAVIResource@@@std@@@std@@@std@@@std@@QBE_NABV01@@Z 100d1de0 f i MyDynLib.obj
 0001:000d0ea0       ??8?$_Vector_const_iterator@V?$_Vector_val@U?$_Simple_types@E@std@@@std@@@std@@QBE_NABV01@@Z 100d1ea0 f i MyDynLib.obj
 0001:000d0f10       ??9?$_Tree_const_iterator@V?$_Tree_val@U?$_Tree_simple_types@U?$pair@$$CB_KPAVIResource@@@std@@@std@@@std@@@std@@QBE_NABV01@@Z 100d1f10 f i MyDynLib.obj
 0001:000d0f80       ??9?$_Vector_const_iterator@V?$_Vector_val@U?$_Simple_types@E@std@@@std@@@std@@QBE_NABV01@@Z 100d1f80 f i MyDynLib.obj
 0001:000d0ff0       ??B?$fpos@U_Mbstatet@@@std@@QBE_JXZ 100d1ff0 f i MyDynLib.obj
 0001:000d1030       ??Bsentry@?$basic_ostream@DU?$char_traits@D@std@@@std@@QBE_NXZ 100d2030 f i MyDynLib.obj
 0001:000d1060       ??C?$_Tree_iterator@V?$_Tree_val@U?$_Tree_simple_types@U?$pair@$$CB_KPAVIResource@@@std@@@std@@@std@@@std@@QBEPAU?$pair@$$CB_KPAVIResource@@@1@XZ 100d2060 f i MyDynLib.obj
 0001:000d10b0       ??D?$_String_const_iterator@V?$_String_val@U?$_Simple_types@D@std@@@std@@@std@@QBEABDXZ 100d20b0 f i MyDynLib.obj
 0001:000d1200       ??D?$_String_iterator@V?$_String_val@U?$_Simple_types@D@std@@@std@@@std@@QBEAADXZ 100d2200 f i MyDynLib.obj
 0001:000d1240       ??D?$_Tree_const_iterator@V?$_Tree_val@U?$_Tree_simple_types@U?$pair@$$CB_KPAVIResource@@@std@@@std@@@std@@@std@@QBEABU?$pair@$$CB_KPAVIResource@@@1@XZ 100d2240 f i MyDynLib.obj
 0001:000d12f0       ??D?$_Tree_iterator@V?$_Tree_val@U?$_Tree_simple_types@U?$pair@$$CB_KPAVIResource@@@std@@@std@@@std@@@std@@QBEAAU?$pair@$$CB_KPAVIResource@@@1@XZ 100d22f0 f i MyDynLib.obj
 0001:000d1330       ??D?$_Vector_const_iterator@V?$_Vector_val@U?$_Simple_types@E@std@@@std@@@std@@QBEABEXZ 100d2330 f i MyDynLib.obj
 0001:000d13e0       ??D?$_Vector_iterator@V?$_Vector_val@U?$_Simple_types@E@std@@@std@@@std@@QBEAAEXZ 100d23e0 f i MyDynLib.obj
 0001:000d1420       ??E?$_Tree_const_iterator@V?$_Tree_val@U?$_Tree_simple_types@U?$pair@$$CB_KPAVIResource@@@std@@@std@@@std@@@std@@QAEAAV01@XZ 100d2420 f i MyDynLib.obj
 0001:000d14d0       ??E?$_Tree_iterator@V?$_Tree_val@U?$_Tree_simple_types@U?$pair@$$CB_KPAVIResource@@@std@@@std@@@std@@@std@@QAEAAV01@XZ 100d24d0 f i MyDynLib.obj
 0001:000d1520       ??E?$_Tree_unchecked_const_iterator@V?$_Tree_val@U?$_Tree_simple_types@U?$pair@$$CB_KPAVIResource@@@std@@@std@@@std@@U_Iterator_base12@2@@std@@QAEAAV01@XZ 100d2520 f i MyDynLib.obj
 0001:000d15d0       ??E?$_Vector_const_iterator@V?$_Vector_val@U?$_Simple_types@E@std@@@std@@@std@@QAEAAV01@XZ 100d25d0 f i MyDynLib.obj
 0001:000d1680       ??E?$_Vector_iterator@V?$_Vector_val@U?$_Simple_types@E@std@@@std@@@std@@QAEAAV01@XZ 100d2680 f i MyDynLib.obj
 0001:000d16d0       ??F?$_Tree_const_iterator@V?$_Tree_val@U?$_Tree_simple_types@U?$pair@$$CB_KPAVIResource@@@std@@@std@@@std@@@std@@QAEAAV01@XZ 100d26d0 f i MyDynLib.obj
 0001:000d17c0       ??F?$_Tree_iterator@V?$_Tree_val@U?$_Tree_simple_types@U?$pair@$$CB_KPAVIResource@@@std@@@std@@@std@@@std@@QAEAAV01@XZ 100d27c0 f i MyDynLib.obj
 0001:000d1810       ??F?$_Tree_unchecked_const_iterator@V?$_Tree_val@U?$_Tree_simple_types@U?$pair@$$CB_KPAVIResource@@@std@@@std@@@std@@U_Iterator_base12@2@@std@@QAEAAV01@XZ 100d2810 f i MyDynLib.obj
 0001:000d1b70       ??R?$less@_K@std@@QBE_NAB_K0@Z 100d2b70 f i MyDynLib.obj
 0001:000d1c00       ??Rrandom_device@std@@QAEIXZ 100d2c00 f i MyDynLib.obj
 0001:000d1c40       ??_D?$basic_ifstream@DU?$char_traits@D@std@@@std@@QAEXXZ 100d2c40 f i MyDynLib.obj
 0001:000d1c97       ??_E?$basic_ifstream@DU?$char_traits@D@std@@@std@@$4PPPPPPPM@A@AEPAXI@Z 100d2c97 f i MyDynLib.obj
 0001:000d1ca0       ??_E?$basic_filebuf@DU?$char_traits@D@std@@@std@@UAEPAXI@Z 100d2ca0 f i MyDynLib.obj
 0001:000d1ca0       ??_G?$basic_filebuf@DU?$char_traits@D@std@@@std@@UAEPAXI@Z 100d2ca0 f i MyDynLib.obj
 0001:000d1d00       ??_E?$basic_ifstream@DU?$char_traits@D@std@@@std@@UAEPAXI@Z 100d2d00 f i MyDynLib.obj
 0001:000d1d00       ??_G?$basic_ifstream@DU?$char_traits@D@std@@@std@@UAEPAXI@Z 100d2d00 f i MyDynLib.obj
 0001:000d1d70       ??_Gbad_cast@std@@UAEPAXI@Z 100d2d70 f i MyDynLib.obj
 0001:000d1d70       ??_Ebad_cast@std@@UAEPAXI@Z 100d2d70 f i MyDynLib.obj
 0001:000d1dd0       ??_Eexception@std@@UAEPAXI@Z 100d2dd0 f i MyDynLib.obj
 0001:000d1dd0       ??_Gexception@std@@UAEPAXI@Z 100d2dd0 f i MyDynLib.obj
 0001:000d1e30       ?AddFile@CResourceCollection@@UAE?AW4TReturn@@PBDAA_K@Z 100d2e30 f   MyDynLib.obj
 0001:000d24e0       ?CreateResourceCollection@@YAPAVIResourceCollection@@XZ 100d34e0 f   MyDynLib.obj
 0001:000d25f0       ?DB@CResourceCollection@@UAEPBDXZ 100d35f0 f   MyDynLib.obj
 0001:000d2620       ?DestroyResourceCollection@@YAXPAVIResourceCollection@@@Z 100d3620 f   MyDynLib.obj
 0001:000d26b0       ?Id@CImageResource@@UBE_KXZ 100d36b0 f   MyDynLib.obj
 0001:000d26f0       ?Id@CResource@@UBE_KXZ     100d36f0 f   MyDynLib.obj
 0001:000d2730       ?Path@CImageResource@@UBEPBDXZ 100d3730 f   MyDynLib.obj
 0001:000d2760       ?Path@CResource@@UBEPBDXZ  100d3760 f   MyDynLib.obj
 0001:000d2790       ?Properties@CImageResource@@UAEPAUCImageProperties@IImageResource@@XZ 100d3790 f   MyDynLib.obj
 0001:000d27c0       ?Raw@CImageResource@@UAE?AUSDataRef@@XZ 100d37c0 f   MyDynLib.obj
 0001:000d2810       ?Raw@CResource@@UAE?AUSDataRef@@XZ 100d3810 f   MyDynLib.obj
 0001:000d2b20       ?ReadFile@CImageResource@@QAEHXZ 100d3b20 f   MyDynLib.obj
 0001:000d2ec0       ?ResourceFromId@CResourceCollection@@UAE?AW4TReturn@@_KAAPAVIResource@@@Z 100d3ec0 f   MyDynLib.obj
 0001:000d2fe0       ?ResourceList@CResourceCollection@@UAE?AW4TReturn@@AAV?$vector@PAVIResource@@V?$allocator@PAVIResource@@@std@@@std@@PBUSResourceFilter@@@Z 100d3fe0 f   MyDynLib.obj
 0001:000d3380       ?Type@CImageResource@@UAE?AW4TResourceType@@XZ 100d4380 f i MyDynLib.obj
 0001:000d33b0       ?Type@CResource@@UAE?AW4TResourceType@@XZ 100d43b0 f i MyDynLib.obj
 0001:000d33e0       ?Type@IImageResource@@UBE?AW4TResourceType@@XZ 100d43e0 f i MyDynLib.obj
 0001:000d3410       ?Type@IResource@@UAE?AW4TResourceType@@XZ 100d4410 f i MyDynLib.obj
 0001:000d3440       ?Type@IVideoResource@@UBE?AW4TResourceType@@XZ 100d4440 f i MyDynLib.obj
 0001:000d3470       ?UncompressedData@CImageResource@@UAE?AUSDataRef@@XZ 100d4470 f   MyDynLib.obj
 0001:000d34c0       ?_Adopt@_Iterator_base12@std@@QAEXPBU_Container_base12@2@@Z 100d44c0 f i MyDynLib.obj
 0001:000d3600       ?_Alloc_proxy@?$_String_alloc@U?$_String_base_types@DV?$allocator@D@std@@@std@@@std@@QAEXXZ 100d4600 f i MyDynLib.obj
 0001:000d3700       ?_Alloc_proxy@?$_Tree_comp_alloc@V?$_Tmap_traits@_KPAVIResource@@U?$less@_K@std@@V?$allocator@U?$pair@$$CB_KPAVIResource@@@std@@@3@$0A@@std@@@std@@QAEXXZ 100d4700 f i MyDynLib.obj
 0001:000d3800       ?_Alloc_proxy@?$_Vector_alloc@U?$_Vec_base_types@EV?$allocator@E@std@@@std@@@std@@QAEXXZ 100d4800 f i MyDynLib.obj
 0001:000d3900       ?_Allocate@std@@YAPAXII_N@Z 100d4900 f i MyDynLib.obj
 0001:000d3ae0       ?_Assign_rv_contents_with_alloc_always_equal@?$basic_string@DU?$char_traits@D@std@@V?$allocator@D@2@@std@@QAEX$$QAV12@U?$integral_constant@_N$00@2@@Z 100d4ae0 f i MyDynLib.obj
 0001:000d3b90       ?_Buyheadnode@?$_Tree_comp_alloc@V?$_Tmap_traits@_KPAVIResource@@U?$less@_K@std@@V?$allocator@U?$pair@$$CB_KPAVIResource@@@std@@@3@$0A@@std@@@std@@QAEPAU?$_Tree_node@U?$pair@$$CB_KPAVIResource@@@std@@PAX@2@XZ 100d4b90 f i MyDynLib.obj
 0001:000d3cf0       ?_Buynode0@?$_Tree_comp_alloc@V?$_Tmap_traits@_KPAVIResource@@U?$less@_K@std@@V?$allocator@U?$pair@$$CB_KPAVIResource@@@std@@@3@$0A@@std@@@std@@QAEPAU?$_Tree_node@U?$pair@$$CB_KPAVIResource@@@std@@PAX@2@XZ 100d4cf0 f i MyDynLib.obj
 0001:000d3e20       ?_Calculate_growth@?$basic_string@DU?$char_traits@D@std@@V?$allocator@D@2@@std@@QBEII@Z 100d4e20 f i MyDynLib.obj
 0001:000d3f10       ?_Calculate_growth@?$vector@EV?$allocator@E@std@@@std@@ABEII@Z 100d4f10 f i MyDynLib.obj
 0001:000d3f90       ?_Calculate_growth@?$vector@PAVIResource@@V?$allocator@PAVIResource@@@std@@@std@@ABEII@Z 100d4f90 f i MyDynLib.obj
 0001:000d4010       ?_Change_array@?$vector@EV?$allocator@E@std@@@std@@AAEXQAEII@Z 100d5010 f i MyDynLib.obj
 0001:000d40d0       ?_Change_array@?$vector@PAVIResource@@V?$allocator@PAVIResource@@@std@@@std@@AAEXQAPAVIResource@@II@Z 100d50d0 f i MyDynLib.obj
 0001:000d41a0       ?_Check_offset@?$_String_val@U?$_Simple_types@D@std@@@std@@QBEXI@Z 100d51a0 f i MyDynLib.obj
 0001:000d41f0       ?_Clamp_suffix_size@?$_String_val@U?$_Simple_types@D@std@@@std@@QBEIII@Z 100d51f0 f i MyDynLib.obj
 0001:000d4250       ?_Clrcont@_Iterator_base12@std@@QAEXXZ 100d5250 f i MyDynLib.obj
 0001:000d4290       ?_Compare@?$_Tree@V?$_Tmap_traits@_KPAVIResource@@U?$less@_K@std@@V?$allocator@U?$pair@$$CB_KPAVIResource@@@std@@@3@$0A@@std@@@std@@IBE_NAB_K0@Z 100d5290 f i MyDynLib.obj
 0001:000d42f0       ?_Compat@?$_Vector_const_iterator@V?$_Vector_val@U?$_Simple_types@E@std@@@std@@@std@@QBEXABV12@@Z 100d52f0 f i MyDynLib.obj
 0001:000d4380       ?_Construct@?$_Tree_comp_alloc@V?$_Tmap_traits@_KPAVIResource@@U?$less@_K@std@@V?$allocator@U?$pair@$$CB_KPAVIResource@@@std@@@3@$0A@@std@@@std@@QAEXXZ 100d5380 f i MyDynLib.obj
 0001:000d4440       ?_Construct@?$basic_string@DU?$char_traits@D@std@@V?$allocator@D@2@@std@@QAEXQAD0Urandom_access_iterator_tag@2@@Z 100d5440 f i MyDynLib.obj
 0001:000d44a0       ?_Deallocate@std@@YAXPAXII@Z 100d54a0 f i MyDynLib.obj
 0001:000d45a0       ?_Destroy@?$vector@EV?$allocator@E@std@@@std@@AAEXPAE0@Z 100d55a0 f i MyDynLib.obj
 0001:000d4600       ?_Destroy@?$vector@PAVIResource@@V?$allocator@PAVIResource@@@std@@@std@@AAEXPAPAVIResource@@0@Z 100d5600 f i MyDynLib.obj
 0001:000d4660       ?_Destroy_if_not_nil@?$_Tree@V?$_Tmap_traits@_KPAVIResource@@U?$less@_K@std@@V?$allocator@U?$pair@$$CB_KPAVIResource@@@std@@@3@$0A@@std@@@std@@IAEXPAU?$_Tree_node@U?$pair@$$CB_KPAVIResource@@@std@@PAX@2@@Z 100d5660 f i MyDynLib.obj
 0001:000d46d0       ?_Endwrite@?$basic_filebuf@DU?$char_traits@D@std@@@std@@IAE_NXZ 100d56d0 f i MyDynLib.obj
 0001:000d4ab0       ?_Equal@?$basic_string@DU?$char_traits@D@std@@V?$allocator@D@2@@std@@QBE_NQBD@Z 100d5ab0 f i MyDynLib.obj
 0001:000d4b50       ?_Free_proxy@?$_String_alloc@U?$_String_base_types@DV?$allocator@D@std@@@std@@@std@@QAEXXZ 100d5b50 f i MyDynLib.obj
 0001:000d4c30       ?_Free_proxy@?$_Vector_alloc@U?$_Vec_base_types@EV?$allocator@E@std@@@std@@@std@@QAEXXZ 100d5c30 f i MyDynLib.obj
 0001:000d4d10       ?_Freeheadnode@?$_Tree_comp_alloc@V?$_Tmap_traits@_KPAVIResource@@U?$less@_K@std@@V?$allocator@U?$pair@$$CB_KPAVIResource@@@std@@@3@$0A@@std@@@std@@QAEXPAU?$_Tree_node@U?$pair@$$CB_KPAVIResource@@@std@@PAX@2@@Z 100d5d10 f i MyDynLib.obj
 0001:000d4dc0       ?_Freenode0@?$_Tree_comp_alloc@V?$_Tmap_traits@_KPAVIResource@@U?$less@_K@std@@V?$allocator@U?$pair@$$CB_KPAVIResource@@@std@@@3@$0A@@std@@@std@@QAEXPAU?$_Tree_node@U?$pair@$$CB_KPAVIResource@@@std@@PAX@2@@Z 100d5dc0 f i MyDynLib.obj
 0001:000d4e70       ?_Get_data@?$_String_alloc@U?$_String_base_types@DV?$allocator@D@std@@@std@@@std@@QAEAAV?$_String_val@U?$_Simple_types@D@std@@@2@XZ 100d5e70 f i MyDynLib.obj
 0001:000d4eb0       ?_Get_data@?$_String_alloc@U?$_String_base_types@DV?$allocator@D@std@@@std@@@std@@QBEABV?$_String_val@U?$_Simple_types@D@std@@@2@XZ 100d5eb0 f i MyDynLib.obj
 0001:000d4ef0       ?_Get_data@?$_Tree_comp_alloc@V?$_Tmap_traits@_KPAVIResource@@U?$less@_K@std@@V?$allocator@U?$pair@$$CB_KPAVIResource@@@std@@@3@$0A@@std@@@std@@QAEAAV?$_Tree_val@U?$_Tree_simple_types@U?$pair@$$CB_KPAVIResource@@@std@@@std@@@2@XZ 100d5ef0 f i MyDynLib.obj
 0001:000d4f40       ?_Get_data@?$_Tree_comp_alloc@V?$_Tmap_traits@_KPAVIResource@@U?$less@_K@std@@V?$allocator@U?$pair@$$CB_KPAVIResource@@@std@@@3@$0A@@std@@@std@@QBEABV?$_Tree_val@U?$_Tree_simple_types@U?$pair@$$CB_KPAVIResource@@@std@@@std@@@2@XZ 100d5f40 f i MyDynLib.obj
 0001:000d4f90       ?_Get_data@?$_Vector_alloc@U?$_Vec_base_types@EV?$allocator@E@std@@@std@@@std@@QAEAAV?$_Vector_val@U?$_Simple_types@E@std@@@2@XZ 100d5f90 f i MyDynLib.obj
 0001:000d4fd0       ?_Get_data@?$_Vector_alloc@U?$_Vec_base_types@EV?$allocator@E@std@@@std@@@std@@QBEABV?$_Vector_val@U?$_Simple_types@E@std@@@2@XZ 100d5fd0 f i MyDynLib.obj
 0001:000d5010       ?_Get_data@?$_Vector_alloc@U?$_Vec_base_types@PAVIResource@@V?$allocator@PAVIResource@@@std@@@std@@@std@@QAEAAV?$_Vector_val@U?$_Simple_types@PAVIResource@@@std@@@2@XZ 100d6010 f i MyDynLib.obj
 0001:000d5050       ?_Get_data@?$_Vector_alloc@U?$_Vec_base_types@PAVIResource@@V?$allocator@PAVIResource@@@std@@@std@@@std@@QBEABV?$_Vector_val@U?$_Simple_types@PAVIResource@@@std@@@2@XZ 100d6050 f i MyDynLib.obj
 0001:000d5090       ?_Get_first@?$_Compressed_pair@U?$less@_K@std@@V?$_Compressed_pair@V?$allocator@U?$_Tree_node@U?$pair@$$CB_KPAVIResource@@@std@@PAX@std@@@std@@V?$_Tree_val@U?$_Tree_simple_types@U?$pair@$$CB_KPAVIResource@@@std@@@std@@@2@$00@2@$00@std@@QAEAAU?$less@_K@2@XZ 100d6090 f i MyDynLib.obj
 0001:000d50c0       ?_Get_first@?$_Compressed_pair@U?$less@_K@std@@V?$_Compressed_pair@V?$allocator@U?$_Tree_node@U?$pair@$$CB_KPAVIResource@@@std@@PAX@std@@@std@@V?$_Tree_val@U?$_Tree_simple_types@U?$pair@$$CB_KPAVIResource@@@std@@@std@@@2@$00@2@$00@std@@QBEABU?$less@_K@2@XZ 100d60c0 f i MyDynLib.obj
 0001:000d50f0       ?_Get_first@?$_Compressed_pair@V?$allocator@D@std@@V?$_String_val@U?$_Simple_types@D@std@@@2@$00@std@@QAEAAV?$allocator@D@2@XZ 100d60f0 f i MyDynLib.obj
 0001:000d5120       ?_Get_first@?$_Compressed_pair@V?$allocator@D@std@@V?$_String_val@U?$_Simple_types@D@std@@@2@$00@std@@QBEABV?$allocator@D@2@XZ 100d6120 f i MyDynLib.obj
 0001:000d5150       ?_Get_first@?$_Compressed_pair@V?$allocator@E@std@@V?$_Vector_val@U?$_Simple_types@E@std@@@2@$00@std@@QAEAAV?$allocator@E@2@XZ 100d6150 f i MyDynLib.obj
 0001:000d5180       ?_Get_first@?$_Compressed_pair@V?$allocator@E@std@@V?$_Vector_val@U?$_Simple_types@E@std@@@2@$00@std@@QBEABV?$allocator@E@2@XZ 100d6180 f i MyDynLib.obj
 0001:000d51b0       ?_Get_first@?$_Compressed_pair@V?$allocator@PAVIResource@@@std@@V?$_Vector_val@U?$_Simple_types@PAVIResource@@@std@@@2@$00@std@@QAEAAV?$allocator@PAVIResource@@@2@XZ 100d61b0 f i MyDynLib.obj
 0001:000d51e0       ?_Get_first@?$_Compressed_pair@V?$allocator@PAVIResource@@@std@@V?$_Vector_val@U?$_Simple_types@PAVIResource@@@std@@@2@$00@std@@QBEABV?$allocator@PAVIResource@@@2@XZ 100d61e0 f i MyDynLib.obj
 0001:000d5210       ?_Get_first@?$_Compressed_pair@V?$allocator@U?$_Tree_node@U?$pair@$$CB_KPAVIResource@@@std@@PAX@std@@@std@@V?$_Tree_val@U?$_Tree_simple_types@U?$pair@$$CB_KPAVIResource@@@std@@@std@@@2@$00@std@@QAEAAV?$allocator@U?$_Tree_node@U?$pair@$$CB_KPAVIResource@@@std@@PAX@std@@@2@XZ 100d6210 f i MyDynLib.obj
 0001:000d5240       ?_Get_first@?$_Compressed_pair@V?$allocator@U?$_Tree_node@U?$pair@$$CB_KPAVIResource@@@std@@PAX@std@@@std@@V?$_Tree_val@U?$_Tree_simple_types@U?$pair@$$CB_KPAVIResource@@@std@@@std@@@2@$00@std@@QBEABV?$allocator@U?$_Tree_node@U?$pair@$$CB_KPAVIResource@@@std@@PAX@std@@@2@XZ 100d6240 f i MyDynLib.obj
 0001:000d5270       ?_Get_second@?$_Compressed_pair@U?$less@_K@std@@V?$_Compressed_pair@V?$allocator@U?$_Tree_node@U?$pair@$$CB_KPAVIResource@@@std@@PAX@std@@@std@@V?$_Tree_val@U?$_Tree_simple_types@U?$pair@$$CB_KPAVIResource@@@std@@@std@@@2@$00@2@$00@std@@QAEAAV?$_Compressed_pair@V?$allocator@U?$_Tree_node@U?$pair@$$CB_KPAVIResource@@@std@@PAX@std@@@std@@V?$_Tree_val@U?$_Tree_simple_types@U?$pair@$$CB_KPAVIResource@@@std@@@std@@@2@$00@2@XZ 100d6270 f i MyDynLib.obj
 0001:000d52a0       ?_Get_second@?$_Compressed_pair@U?$less@_K@std@@V?$_Compressed_pair@V?$allocator@U?$_Tree_node@U?$pair@$$CB_KPAVIResource@@@std@@PAX@std@@@std@@V?$_Tree_val@U?$_Tree_simple_types@U?$pair@$$CB_KPAVIResource@@@std@@@std@@@2@$00@2@$00@std@@QBEABV?$_Compressed_pair@V?$allocator@U?$_Tree_node@U?$pair@$$CB_KPAVIResource@@@std@@PAX@std@@@std@@V?$_Tree_val@U?$_Tree_simple_types@U?$pair@$$CB_KPAVIResource@@@std@@@std@@@2@$00@2@XZ 100d62a0 f i MyDynLib.obj
 0001:000d52d0       ?_Get_second@?$_Compressed_pair@V?$allocator@D@std@@V?$_String_val@U?$_Simple_types@D@std@@@2@$00@std@@QAEAAV?$_String_val@U?$_Simple_types@D@std@@@2@XZ 100d62d0 f i MyDynLib.obj
 0001:000d5300       ?_Get_second@?$_Compressed_pair@V?$allocator@D@std@@V?$_String_val@U?$_Simple_types@D@std@@@2@$00@std@@QBEABV?$_String_val@U?$_Simple_types@D@std@@@2@XZ 100d6300 f i MyDynLib.obj
 0001:000d5330       ?_Get_second@?$_Compressed_pair@V?$allocator@E@std@@V?$_Vector_val@U?$_Simple_types@E@std@@@2@$00@std@@QAEAAV?$_Vector_val@U?$_Simple_types@E@std@@@2@XZ 100d6330 f i MyDynLib.obj
 0001:000d5360       ?_Get_second@?$_Compressed_pair@V?$allocator@E@std@@V?$_Vector_val@U?$_Simple_types@E@std@@@2@$00@std@@QBEABV?$_Vector_val@U?$_Simple_types@E@std@@@2@XZ 100d6360 f i MyDynLib.obj
 0001:000d5390       ?_Get_second@?$_Compressed_pair@V?$allocator@PAVIResource@@@std@@V?$_Vector_val@U?$_Simple_types@PAVIResource@@@std@@@2@$00@std@@QAEAAV?$_Vector_val@U?$_Simple_types@PAVIResource@@@std@@@2@XZ 100d6390 f i MyDynLib.obj
[...]
 0002:0000dd60       __ehfuncinfo$??$_Insert_nohint@AAU?$pair@$$CB_KPAVIResource@@@std@@PAU?$_Tree_node@U?$pair@$$CB_KPAVIResource@@@std@@PAX@2@@?$_Tree@V?$_Tmap_traits@_KPAVIResource@@U?$less@_K@std@@V?$allocator@U?$pair@$$CB_KPAVIResource@@@std@@@3@$0A@@std@@@std@@IAE?AU?$pair@V?$_Tree_iterator@V?$_Tree_val@U?$_Tree_simple_types@U?$pair@$$CB_KPAVIResource@@@std@@@std@@@std@@@std@@_N@1@_NAAU?$pair@$$CB_KPAVIResource@@@1@PAU?$_Tree_node@U?$pair@$$CB_KPAVIResource@@@std@@PAX@1@@Z 100eed60     MyDynLib.obj
 0002:0000ddd8       __sehtable$?DebuggerProbe@@YAHK@Z 100eedd8     MSVCRTD:_error_.obj
 0002:0000ddf8       __sehtable$?DebuggerRuntime@@YAHKHPAXPB_W@Z 100eedf8     MSVCRTD:_error_.obj
 0002:0000de18       __sehtable$?dllmain_crt_process_attach@@YAHQAUHINSTANCE__@@QAX@Z 100eee18     MSVCRTD:dll_dllmain.obj
 0002:0000de38       __sehtable$?dllmain_crt_process_detach@@YAH_N@Z 100eee38     MSVCRTD:dll_dllmain.obj
 0002:0000de58       __sehtable$?dllmain_dispatch@@YAHQAUHINSTANCE__@@KQAX@Z 100eee58     MSVCRTD:dll_dllmain.obj
 0002:0000dee8       __sehtable$___scrt_is_nonwritable_in_current_image 100eeee8     MSVCRTD:utility.obj
 0002:0000df04       __unwindtable$?_Facet_Register@std@@YAXPAV_Facet_base@1@@Z 100eef04     msvcprtd:locale0_implib.obj
 0002:0000df0c       __ehfuncinfo$?_Facet_Register@std@@YAXPAV_Facet_base@1@@Z 100eef0c     msvcprtd:locale0_implib.obj
 0002:0000df30       __ehfuncinfo$??1_Fac_node@std@@QAE@XZ 100eef30     msvcprtd:locale0_implib.obj
 0002:0000df60       .edata                     100eef60     MyDynLib.exp
 0002:0000df88       rgpv                       100eef88     MyDynLib.exp
 0002:0000dff8       rgszName                   100eeff8     MyDynLib.exp
 0002:0000e068       rgwOrd                     100ef068     MyDynLib.exp
 0002:0000e0a0       szName                     100ef0a0     MyDynLib.exp
 0002:0000e0ad       $N00001                    100ef0ad     MyDynLib.exp
 0002:0000e0ce       $N00002                    100ef0ce     MyDynLib.exp
 0002:0000e0ed       $N00003                    100ef0ed     MyDynLib.exp
 0002:0000e107       $N00004                    100ef107     MyDynLib.exp
 0002:0000e123       $N00005                    100ef123     MyDynLib.exp
 0002:0000e13d       $N00006                    100ef13d     MyDynLib.exp
 0002:0000e152       $N00007                    100ef152     MyDynLib.exp
 0002:0000e178       $N00008                    100ef178     MyDynLib.exp
 0002:0000e19c       $N00009                    100ef19c     MyDynLib.exp
 0002:0000e1bb       $N00010                    100ef1bb     MyDynLib.exp
 0002:0000e1dc       $N00011                    100ef1dc     MyDynLib.exp
 0002:0000e1fb       $N00012                    100ef1fb     MyDynLib.exp
 0002:0000e215       $N00013                    100ef215     MyDynLib.exp
 0002:0000e23a       $N00014                    100ef23a     MyDynLib.exp
 0002:0000e25d       $N00015                    100ef25d     MyDynLib.exp
 0002:0000e27d       $N00016                    100ef27d     MyDynLib.exp
 0002:0000e29b       $N00017                    100ef29b     MyDynLib.exp
 0002:0000e2c5       $N00018                    100ef2c5     MyDynLib.exp
 0002:0000e2ed       $N00019                    100ef2ed     MyDynLib.exp
 0002:0000e312       $N00020                    100ef312     MyDynLib.exp
 0002:0000e335       $N00021                    100ef335     MyDynLib.exp
 0002:0000e34d       $N00022                    100ef34d     MyDynLib.exp
 0002:0000e360       $N00023                    100ef360     MyDynLib.exp
 0002:0000e37d       $N00024                    100ef37d     MyDynLib.exp
 0002:0000e395       $N00025                    100ef395     MyDynLib.exp
 0002:0000e3cf       $N00026                    100ef3cf     MyDynLib.exp
 0002:0000e3fe       $N00027                    100ef3fe     MyDynLib.exp
 0002:0000e428       $N00028                    100ef428     MyDynLib.exp
 0002:0000ecbc       .idata$6                   100efcbc     kernel32:KERNEL32.dll
 0002:0000f998       .idata$6                   100f0998     msvcprtd:MSVCP140D.dll
 0002:0000faca       .idata$6                   100f0aca     vcruntimed:VCRUNTIME140D.dll
 0002:0000fe60       .idata$6                   100f0e60     ucrtd:ucrtbased.dll
 0003:00000000       _winIoerrRetry             100f1000     sqlite3.obj
 0003:00000004       _winIoerrRetryDelay        100f1004     sqlite3.obj
 0003:00000008       ?azType@?1??typeofFunc@@9@9 100f1008     sqlite3.obj
 0003:0000001c       _sqlite3PendingByte        100f101c     sqlite3.obj
 0003:00000020       ?aAlterTableFuncs@?1??sqlite3AlterFunctions@@9@9 100f1020     sqlite3.obj
 0003:00000074       _winAppData                100f1074     sqlite3.obj
 0003:00000080       ?aDateTimeFuncs@?1??sqlite3RegisterDateTimeFunctions@@9@9 100f1080     sqlite3.obj
 0003:00000160       _sqlite3Config             100f1160     sqlite3.obj
 0003:00000270       _winNolockAppData          100f1270     sqlite3.obj
 0003:0000027c       ?zChars@?1??winGetTempname@@9@9 100f127c     sqlite3.obj
 0003:000002bb       ?fakeCursor@?1??sqlite3BtreeFakeValidCursor@@9@9 100f12bb     sqlite3.obj
 0003:000002bc       ?aCacheMode@?BD@??sqlite3ParseUri@@9@9 100f12bc     sqlite3.obj
 0003:000002d4       ?aOpenMode@?BE@??sqlite3ParseUri@@9@9 100f12d4     sqlite3.obj
 0003:000002fc       ?a@?1??sqlite3LogEst@@9@9  100f12fc     sqlite3.obj
 0003:0000030c       _winMutex_isNt             100f130c     sqlite3.obj
 0003:00000310       ?aBuiltinFunc@?1??sqlite3RegisterBuiltinFunctions@@9@9 100f1310     sqlite3.obj
 0003:00000984       ?azEndings@?1??sqlite3LoadExtension@@9@9 100f1984     sqlite3.obj
 0003:00000988       _aSyscall                  100f1988     sqlite3.obj
 0003:00000d48       ?winVfs@?1??sqlite3_os_init@@9@9 100f1d48     sqlite3.obj
 0003:00000da0       ?winLongPathVfs@?1??sqlite3_os_init@@9@9 100f1da0     sqlite3.obj
 0003:00000df8       ?winNolockVfs@?1??sqlite3_os_init@@9@9 100f1df8     sqlite3.obj
 0003:00000e50       ?winLongPathNolockVfs@?1??sqlite3_os_init@@9@9 100f1e50     sqlite3.obj
 0003:00001040       $SG4294967291              100f2040     jpeg:jerror.obj
 0003:00001058       $SG4294967290              100f2058     jpeg:jerror.obj
 0003:00001078       $SG4294967289              100f2078     jpeg:jerror.obj
 0003:000010a0       $SG4294967288              100f20a0     jpeg:jerror.obj
 0003:000010bc       $SG4294967287              100f20bc     jpeg:jerror.obj
 0003:000010dc       $SG4294967286              100f20dc     jpeg:jerror.obj
 0003:000010f4       $SG4294967285              100f20f4     jpeg:jerror.obj
 0003:00001114       $SG4294967284              100f2114     jpeg:jerror.obj
 0003:00001140       $SG4294967283              100f2140     jpeg:jerror.obj
 0003:00001180       $SG4294967282              100f2180     jpeg:jerror.obj
 0003:000011a0       $SG4294967281              100f21a0     jpeg:jerror.obj
 0003:000011b8       $SG4294967280              100f21b8     jpeg:jerror.obj
 0003:000011d0       $SG4294967279              100f21d0     jpeg:jerror.obj
 0003:000011e4       $SG4294967278              100f21e4     jpeg:jerror.obj
 0003:00001224       $SG4294967277              100f2224     jpeg:jerror.obj
 0003:00001254       $SG4294967276              100f2254     jpeg:jerror.obj
 0003:00001270       $SG4294967275              100f2270     jpeg:jerror.obj
 0003:00001294       $SG4294967274              100f2294     jpeg:jerror.obj
 0003:000012cc       $SG4294967273              100f22cc     jpeg:jerror.obj
 0003:00001304       $SG4294967272              100f2304     jpeg:jerror.obj
 0003:0000131c       $SG4294967271              100f231c     jpeg:jerror.obj
 0003:0000133c       $SG4294967270              100f233c     jpeg:jerror.obj
 0003:00001368       $SG4294967269              100f2368     jpeg:jerror.obj
 0003:000013b8       $SG4294967268              100f23b8     jpeg:jerror.obj
 0003:000013d4       $SG4294967267              100f23d4     jpeg:jerror.obj
 0003:00001400       $SG4294967266              100f2400     jpeg:jerror.obj
 0003:0000141c       $SG4294967265              100f241c     jpeg:jerror.obj
 0003:00001444       $SG4294967264              100f2444     jpeg:jerror.obj
 0003:0000146c       $SG4294967263              100f246c     jpeg:jerror.obj
 0003:00001494       $SG4294967262              100f2494     jpeg:jerror.obj
 0003:000014a8       $SG4294967261              100f24a8     jpeg:jerror.obj
 0003:000014c0       $SG4294967260              100f24c0     jpeg:jerror.obj
 0003:000014d4       $SG4294967259              100f24d4     jpeg:jerror.obj
 0003:000014e8       $SG4294967258              100f24e8     jpeg:jerror.obj
 0003:00001510       $SG4294967257              100f2510     jpeg:jerror.obj
 0003:00001528       $SG4294967256              100f2528     jpeg:jerror.obj
 0003:0000153c       $SG4294967255              100f253c     jpeg:jerror.obj
 0003:00001560       $SG4294967254              100f2560     jpeg:jerror.obj
 0003:00001578       $SG4294967253              100f2578     jpeg:jerror.obj
 0003:000015a8       $SG4294967252              100f25a8     jpeg:jerror.obj
 0003:000015d0       $SG4294967251              100f25d0     jpeg:jerror.obj
 0003:000015f4       $SG4294967250              100f25f4     jpeg:jerror.obj
 0003:00001618       $SG4294967249              100f2618     jpeg:jerror.obj
 0003:00001648       $SG4294967248              100f2648     jpeg:jerror.obj
 0003:0000165c       $SG4294967247              100f265c     jpeg:jerror.obj
 0003:00001678       $SG4294967246              100f2678     jpeg:jerror.obj
 0003:000016b8       $SG4294967245              100f26b8     jpeg:jerror.obj
 0003:000016e0       $SG4294967244              100f26e0     jpeg:jerror.obj
 0003:00001708       $SG4294967243              100f2708     jpeg:jerror.obj
 0003:0000171c       $SG4294967242              100f271c     jpeg:jerror.obj
 0003:0000174c       $SG4294967241              100f274c     jpeg:jerror.obj
 0003:00001774       $SG4294967240              100f2774     jpeg:jerror.obj
 0003:00001790       $SG4294967239              100f2790     jpeg:jerror.obj
 0003:000017b8       $SG4294967238              100f27b8     jpeg:jerror.obj
 0003:000017dc       $SG4294967237              100f27dc     jpeg:jerror.obj
 0003:00001808       $SG4294967236              100f2808     jpeg:jerror.obj
 0003:00001834       $SG4294967235              100f2834     jpeg:jerror.obj
 0003:00001854       $SG4294967234              100f2854     jpeg:jerror.obj
 0003:00001884       $SG4294967233              100f2884     jpeg:jerror.obj
 0003:000018ac       $SG4294967232              100f28ac     jpeg:jerror.obj
 0003:000018d4       $SG4294967231              100f28d4     jpeg:jerror.obj
 0003:00001900       $SG4294967230              100f2900     jpeg:jerror.obj
 0003:00001930       $SG4294967229              100f2930     jpeg:jerror.obj
 0003:00001960       $SG4294967228              100f2960     jpeg:jerror.obj
 0003:0000198c       $SG4294967227              100f298c     jpeg:jerror.obj
 0003:000019bc       $SG4294967226              100f29bc     jpeg:jerror.obj
 0003:000019e0       $SG4294967225              100f29e0     jpeg:jerror.obj
 0003:00001a00       $SG4294967224              100f2a00     jpeg:jerror.obj
 0003:00001a20       $SG4294967223              100f2a20     jpeg:jerror.obj
 0003:00001a58       $SG4294967222              100f2a58     jpeg:jerror.obj
 0003:00001a84       $SG4294967221              100f2a84     jpeg:jerror.obj
 0003:00001aa4       $SG4294967220              100f2aa4     jpeg:jerror.obj
 0003:00001ac8       $SG4294967219              100f2ac8     jpeg:jerror.obj
 0003:00001af0       $SG4294967218              100f2af0     jpeg:jerror.obj
 0003:00001b08       $SG4294967217              100f2b08     jpeg:jerror.obj
 0003:00001b1c       $SG4294967216              100f2b1c     jpeg:jerror.obj
 0003:00001b54       $SG4294967215              100f2b54     jpeg:jerror.obj
 0003:00001b64       $SG4294967214              100f2b64     jpeg:jerror.obj
 0003:00001ba4       $SG4294967212              100f2ba4     jpeg:jerror.obj
 0003:00001bd0       $SG4294967213              100f2bd0     jpeg:jerror.obj
 0003:00001c14       $SG4294967211              100f2c14     jpeg:jerror.obj
 0003:00001c40       $SG4294967210              100f2c40     jpeg:jerror.obj
 0003:00001c68       $SG4294967209              100f2c68     jpeg:jerror.obj
 0003:00001c84       $SG4294967208              100f2c84     jpeg:jerror.obj
 0003:00001cb0       $SG4294967207              100f2cb0     jpeg:jerror.obj
 0003:00001ccc       $SG4294967206              100f2ccc     jpeg:jerror.obj
 0003:00001ce0       $SG4294967205              100f2ce0     jpeg:jerror.obj
 0003:00001cf8       $SG4294967204              100f2cf8     jpeg:jerror.obj
 0003:00001d08       $SG4294967203              100f2d08     jpeg:jerror.obj
 0003:00001d30       $SG4294967202              100f2d30     jpeg:jerror.obj
 0003:00001d68       $SG4294967201              100f2d68     jpeg:jerror.obj
 0003:00001da4       $SG4294967200              100f2da4     jpeg:jerror.obj
 0003:00001dd4       $SG4294967199              100f2dd4     jpeg:jerror.obj
 0003:00001df8       $SG4294967198              100f2df8     jpeg:jerror.obj
 0003:00001e20       $SG4294967197              100f2e20     jpeg:jerror.obj
 0003:00001e3c       $SG4294967196              100f2e3c     jpeg:jerror.obj
 0003:00001e64       $SG4294967195              100f2e64     jpeg:jerror.obj
 0003:00001e88       $SG4294967194              100f2e88     jpeg:jerror.obj
 0003:00001ea0       $SG4294967193              100f2ea0     jpeg:jerror.obj
 0003:00001ec4       $SG4294967192              100f2ec4     jpeg:jerror.obj
 0003:00001eec       $SG4294967191              100f2eec     jpeg:jerror.obj
 0003:00001ef4       $SG4294967190              100f2ef4     jpeg:jerror.obj
 0003:00001f30       $SG4294967189              100f2f30     jpeg:jerror.obj
 0003:00001f6c       $SG4294967188              100f2f6c     jpeg:jerror.obj
 0003:00001f8c       $SG4294967187              100f2f8c     jpeg:jerror.obj
 0003:00001f9c       $SG4294967186              100f2f9c     jpeg:jerror.obj
 0003:00001fbc       $SG4294967185              100f2fbc     jpeg:jerror.obj
 0003:00001fdc       $SG4294967184              100f2fdc     jpeg:jerror.obj
 0003:00001ffc       $SG4294967183              100f2ffc     jpeg:jerror.obj
 0003:00002018       $SG4294967182              100f3018     jpeg:jerror.obj
 0003:00002034       $SG4294967180              100f3034     jpeg:jerror.obj
 0003:00002070       $SG4294967181              100f3070     jpeg:jerror.obj
 0003:000020b4       $SG4294967179              100f30b4     jpeg:jerror.obj
 0003:000020ec       $SG4294967178              100f30ec     jpeg:jerror.obj
 0003:00002120       $SG4294967177              100f3120     jpeg:jerror.obj
 0003:00002134       $SG4294967176              100f3134     jpeg:jerror.obj
 0003:0000214c       $SG4294967175              100f314c     jpeg:jerror.obj
 0003:00002174       $SG4294967174              100f3174     jpeg:jerror.obj
 0003:0000219c       $SG4294967172              100f319c     jpeg:jerror.obj
 0003:000021d8       $SG4294967173              100f31d8     jpeg:jerror.obj
 0003:0000221c       $SG4294967171              100f321c     jpeg:jerror.obj
 0003:00002250       $SG4294967170              100f3250     jpeg:jerror.obj
 0003:00002274       $SG4294967169              100f3274     jpeg:jerror.obj
 0003:000022a4       $SG4294967168              100f32a4     jpeg:jerror.obj
 0003:000022c0       $SG4294967167              100f32c0     jpeg:jerror.obj
 0003:000022f8       $SG4294967166              100f32f8     jpeg:jerror.obj
 0003:00002324       $SG4294967165              100f3324     jpeg:jerror.obj
 0003:00002350       $SG4294967164              100f3350     jpeg:jerror.obj
 0003:00002354       $SG4294966463              100f3354     jpeg:jmemmgr.obj
 0003:0000235c       $SG4294966462              100f335c     jpeg:jmemmgr.obj
 0003:00002364       $SG4294966295              100f3364     jpeg:jdmarker.obj
 0003:00002368       $SG4294966294              100f3368     jpeg:jdmarker.obj
 0003:00002638       _vfsList                   100f3638     sqlite3.obj
 0003:0000263c       _winShmNodeList            100f363c     sqlite3.obj
 0003:00002640       _sqlite3Hooks              100f3640     sqlite3.obj
 0003:00002648       _sqlite3SharedCacheList    100f3648     sqlite3.obj
 0003:00002654       _winMutex_isInit           100f3654     sqlite3.obj
 0003:00002658       _sqlite3Stat               100f3658     sqlite3.obj
 0003:000026a8       ?nullElement@?1??findElementWithHash@@9@9 100f36a8     sqlite3.obj
 0003:000026b8       _winMutex_staticMutexes    100f36b8     sqlite3.obj
 0003:00002808       _winMutex_lock             100f3808     sqlite3.obj
 0003:0000280c       _sqlite3_os_type           100f380c     sqlite3.obj
 0003:00002810       _mem0                      100f3810     sqlite3.obj
 0003:00002828       _sqlite3Autoext            100f3828     sqlite3.obj
 0003:00002830       _sqlite3BuiltinFunctions   100f3830     sqlite3.obj
 0003:0000288c       _winSysInfo                100f388c     sqlite3.obj
 0003:000028b0       _sqlite3Prng               100f38b0     sqlite3.obj
 0003:000029b8       _sqlite3SavedPrng          100f39b8     sqlite3.obj
 0003:00002abc       ?dummyCurrentPage@?7??pcache1Create@@9@9 100f3abc     sqlite3.obj
 0003:00002ac0       _pcache1_g                 100f3ac0     sqlite3.obj
 0003:00002b24       ?dummy@?1??sqlite3VdbeGetOp@@9@9 100f3b24     sqlite3.obj
 0003:00002b38       ?aZero@?ME@??sqlite3VdbeExec@@9@9 100f3b38     sqlite3.obj
 0003:00002b60       _GS_ExceptionRecord        100f3b60     MSVCRTD:gs_report.obj
 0003:00002bb0       _GS_ContextRecord          100f3bb0     MSVCRTD:gs_report.obj
 0003:00002e7c       ?init@?1??_RTC_InitBase@@9@4_NA 100f3e7c     MSVCRTD:_init_.obj
 0003:00002e80       ?__proc_attached@@3HA      100f3e80     MSVCRTD:dll_dllmain.obj
 0003:00002e84       ?_RTC_ErrorReportFunc@@3P6AHHPBDH00ZZA 100f3e84     MSVCRTD:_userapi_.obj
 0003:00002e88       ?_RTC_ErrorReportFuncW@@3P6AHHPB_WH00ZZA 100f3e88     MSVCRTD:_userapi_.obj
 0003:00002e8c       ?mspdb@@3PAUHINSTANCE__@@A 100f3e8c     MSVCRTD:_pdblkup_.obj
 0003:00002e90       ?alreadyTried@?1??GetPdbDll@@YAPAUHINSTANCE__@@XZ@4_NA 100f3e90     MSVCRTD:_pdblkup_.obj
 0003:00002e91       ?PDBOK@?1??_RTC_GetSrcLine@@YAHPAEPA_WKPAH1K@Z@4_NA 100f3e91     MSVCRTD:_pdblkup_.obj
 0003:00002ea8       ?module_local_atexit_table@@3U_onexit_table_t@@A 100f3ea8     MSVCRTD:utility.obj
 0003:00002eb4       ?module_local_at_quick_exit_table@@3U_onexit_table_t@@A 100f3eb4     MSVCRTD:utility.obj
 0003:00002ec0       ?module_local_atexit_table_initialized@@3_NA 100f3ec0     MSVCRTD:utility.obj
 0003:00002ecc       ?is_initialized_as_dll@@3_NA 100f3ecc     MSVCRTD:utility.obj
 0003:00002edc       ?_Fac_head@std@@3PAU_Fac_node@1@A 100f3edc     msvcprtd:locale0_implib.obj
 0003:00002ee0       ?_Fac_tidy_reg@std@@3U_Fac_tidy_reg_t@1@B 100f3ee0     msvcprtd:locale0_implib.obj
 0004:00000060       $R000000                   100f4060     * linker generated manifest res *
